
Allocating common symbols
Common symbol       size              file

interrupts          0x20              arch/mips32/intr.o
kernel_start_pfn    0x4               kernel/mm/buddy.o
dir_data_buf        0x840             kernel/fs/fat/fat.o
cursor_col          0x4               kernel/driver/vga.o
cursor_location     0x4               usr/myvi.o
bootmmmap           0x8000            kernel/mm/bootmm.o
fat_info            0x418             kernel/init.o
file_create         0x4170            kernel/fs/fat/usr.o
curr_proc           0x4               kernel/pc/pc.o
is_new_file         0x4               usr/myvi.o
syscalls            0x400             kernel/syscall/syscall.o
bmm                 0x90              kernel/mm/bootmm.o
cursor_row          0x4               kernel/driver/vga.o
page_end            0x4               usr/myvi.o
filename            0x4               usr/myvi.o
ps_buffer_index     0x4               usr/ps.o
file                0x4170            usr/myvi.o
firstusercode_start
                    0x4               kernel/mm/bootmm.o
filename11          0xd               kernel/fs/fat/fat.o
mode                0x4               usr/myvi.o
buffer              0x1000            usr/myvi.o
mk_dir_buf          0x20              kernel/fs/fat/usr.o
err                 0x4               usr/myvi.o
new_alloc_empty     0x1000            kernel/fs/fat/fat.o
journal             0x4               kernel/init.o
pre_cursor_freq     0x4               usr/myvi.o
pcb                 0x560             kernel/pc/pc.o
exceptions          0x80              arch/mips32/exc.o
kernel_end_pfn      0x4               kernel/mm/buddy.o
buddy               0x54              kernel/mm/buddy.o
firstusercode_len   0x4               kernel/mm/bootmm.o
dir_find            0x4170            kernel/fs/fat/dir.o
fat_buf             0x420             kernel/fs/fat/fat.o
pages               0x4               kernel/mm/buddy.o
kmalloc_caches      0x270             kernel/mm/slab.o
ps_buffer           0x40              usr/ps.o

Discarded input sections

 .reginfo       0x0000000000000000       0x18 arch/mips32/start.o
 .reginfo       0x0000000000000000       0x18 arch/mips32/intr.o
 .MIPS.abiflags
                0x0000000000000000       0x18 arch/mips32/intr.o
 .reginfo       0x0000000000000000       0x18 arch/mips32/page.o
 .MIPS.abiflags
                0x0000000000000000       0x18 arch/mips32/page.o
 .reginfo       0x0000000000000000       0x18 arch/mips32/exc.o
 .MIPS.abiflags
                0x0000000000000000       0x18 arch/mips32/exc.o
 .reginfo       0x0000000000000000       0x18 arch/mips32/arch.o
 .MIPS.abiflags
                0x0000000000000000       0x18 arch/mips32/arch.o
 .reginfo       0x0000000000000000       0x18 kernel/init.o
 .MIPS.abiflags
                0x0000000000000000       0x18 kernel/init.o
 .reginfo       0x0000000000000000       0x18 kernel/mm/bootmm.o
 .MIPS.abiflags
                0x0000000000000000       0x18 kernel/mm/bootmm.o
 .reginfo       0x0000000000000000       0x18 kernel/mm/slab.o
 .MIPS.abiflags
                0x0000000000000000       0x18 kernel/mm/slab.o
 .reginfo       0x0000000000000000       0x18 kernel/mm/buddy.o
 .MIPS.abiflags
                0x0000000000000000       0x18 kernel/mm/buddy.o
 .reginfo       0x0000000000000000       0x18 kernel/pc/pc.o
 .MIPS.abiflags
                0x0000000000000000       0x18 kernel/pc/pc.o
 .reginfo       0x0000000000000000       0x18 kernel/lock/lock.o
 .MIPS.abiflags
                0x0000000000000000       0x18 kernel/lock/lock.o
 .reginfo       0x0000000000000000       0x18 kernel/fs/fscache/fscache.o
 .MIPS.abiflags
                0x0000000000000000       0x18 kernel/fs/fscache/fscache.o
 .reginfo       0x0000000000000000       0x18 kernel/fs/fat/journal.o
 .MIPS.abiflags
                0x0000000000000000       0x18 kernel/fs/fat/journal.o
 .reginfo       0x0000000000000000       0x18 kernel/fs/fat/utils.o
 .MIPS.abiflags
                0x0000000000000000       0x18 kernel/fs/fat/utils.o
 .reginfo       0x0000000000000000       0x18 kernel/fs/fat/recovery.o
 .MIPS.abiflags
                0x0000000000000000       0x18 kernel/fs/fat/recovery.o
 .reginfo       0x0000000000000000       0x18 kernel/fs/fat/commit.o
 .MIPS.abiflags
                0x0000000000000000       0x18 kernel/fs/fat/commit.o
 .reginfo       0x0000000000000000       0x18 kernel/fs/fat/revoke.o
 .MIPS.abiflags
                0x0000000000000000       0x18 kernel/fs/fat/revoke.o
 .reginfo       0x0000000000000000       0x18 kernel/fs/fat/fat.o
 .MIPS.abiflags
                0x0000000000000000       0x18 kernel/fs/fat/fat.o
 .reginfo       0x0000000000000000       0x18 kernel/fs/fat/usr.o
 .MIPS.abiflags
                0x0000000000000000       0x18 kernel/fs/fat/usr.o
 .reginfo       0x0000000000000000       0x18 kernel/fs/fat/debug.o
 .MIPS.abiflags
                0x0000000000000000       0x18 kernel/fs/fat/debug.o
 .reginfo       0x0000000000000000       0x18 kernel/fs/fat/dir.o
 .MIPS.abiflags
                0x0000000000000000       0x18 kernel/fs/fat/dir.o
 .reginfo       0x0000000000000000       0x18 kernel/driver/sd.o
 .MIPS.abiflags
                0x0000000000000000       0x18 kernel/driver/sd.o
 .reginfo       0x0000000000000000       0x18 kernel/driver/vga.o
 .MIPS.abiflags
                0x0000000000000000       0x18 kernel/driver/vga.o
 .reginfo       0x0000000000000000       0x18 kernel/driver/ps2.o
 .MIPS.abiflags
                0x0000000000000000       0x18 kernel/driver/ps2.o
 .reginfo       0x0000000000000000       0x18 kernel/syscall/syscall4.o
 .MIPS.abiflags
                0x0000000000000000       0x18 kernel/syscall/syscall4.o
 .reginfo       0x0000000000000000       0x18 kernel/syscall/syscall.o
 .MIPS.abiflags
                0x0000000000000000       0x18 kernel/syscall/syscall.o
 .reginfo       0x0000000000000000       0x18 kernel/time/time.o
 .MIPS.abiflags
                0x0000000000000000       0x18 kernel/time/time.o
 .reginfo       0x0000000000000000       0x18 utils/utils.o
 .MIPS.abiflags
                0x0000000000000000       0x18 utils/utils.o
 .reginfo       0x0000000000000000       0x18 utils/log.o
 .MIPS.abiflags
                0x0000000000000000       0x18 utils/log.o
 .reginfo       0x0000000000000000       0x18 utils/assert.o
 .MIPS.abiflags
                0x0000000000000000       0x18 utils/assert.o
 .reginfo       0x0000000000000000       0x18 usr/ps.o
 .MIPS.abiflags
                0x0000000000000000       0x18 usr/ps.o
 .reginfo       0x0000000000000000       0x18 usr/ls.o
 .MIPS.abiflags
                0x0000000000000000       0x18 usr/ls.o
 .reginfo       0x0000000000000000       0x18 usr/myvi.o
 .MIPS.abiflags
                0x0000000000000000       0x18 usr/myvi.o
 .reginfo       0x0000000000000000       0x18 usr/exec.o
 .MIPS.abiflags
                0x0000000000000000       0x18 usr/exec.o

Memory Configuration

Name             Origin             Length             Attributes
*default*        0x0000000000000000 0xffffffffffffffff

Linker script and memory map

                0x0000000080020000                . = 0x80020000

.interp
 *(.interp)

.gnu.version
 *(.gnu.version)

.gnu.version_d
 *(.gnu.version_d)

.gnu.version_r
 *(.gnu.version_r)

.rel.init
 *(.rel.init)

.rela.init
 *(.rela.init)

.rel.text
 *(.rel.text)
 *(.rel.text.*)
 *(.rel.gnu.linkonce.t*)

.rela.text
 *(.rela.text)
 *(.rela.text.*)
 *(.rela.gnu.linkonce.t*)

.rel.fini
 *(.rel.fini)

.rela.fini
 *(.rela.fini)

.rel.rodata
 *(.rel.rodata)
 *(.rel.rodata.*)
 *(.rel.gnu.linkonce.r*)

.rela.rodata
 *(.rela.rodata)
 *(.rela.rodata.*)
 *(.rela.gnu.linkonce.r*)

.rel.data
 *(.rel.data)
 *(.rel.data.*)
 *(.rel.gnu.linkonce.d*)

.rela.data
 *(.rela.data)
 *(.rela.data.*)
 *(.rela.gnu.linkonce.d*)

.rel.ctors
 *(.rel.ctors)

.rela.ctors
 *(.rela.ctors)

.rel.dtors
 *(.rel.dtors)

.rela.dtors
 *(.rela.dtors)

.rel.got
 *(.rel.got)

.rela.got
 *(.rela.got)

.rel.sdata
 *(.rel.sdata)
 *(.rel.sdata1)
 *(.rel.sdata.*)
 *(.rel.gnu.linkonce.s*)

.rela.sdata
 *(.rela.sdata)
 *(.rela.sdata1)
 *(.rela.sdata.*)
 *(.rela.gnu.linkonce.s*)

.rel.sbss
 *(.rel.sbss)

.rela.sbss
 *(.rela.sbss)

.rel.sdata2
 *(.rel.sdata2)

.rela.sdata2
 *(.rela.sdata2)

.rel.sbss2
 *(.rel.sbss2)

.rela.sbss2
 *(.rela.sbss2)

.rel.bss
 *(.rel.bss)

.rela.bss
 *(.rela.bss)

.rel.plt
 *(.rel.plt)

.rela.plt
 *(.rela.plt)

.plt
 *(.plt)
                0x0000000080000000                . = 0x80000000

.text           0x0000000080000000    0x129a0
                0x0000000080000000                _ftext = .
 *(.text)
 .text          0x0000000080000000     0x1020 arch/mips32/start.o
                0x0000000080000000                exception
                0x0000000080001000                start
 .text          0x0000000080001020      0x200 arch/mips32/intr.o
                0x0000000080001020                init_interrupts
                0x0000000080001058                enable_interrupts
                0x0000000080001094                disable_interrupts
                0x00000000800010d4                do_interrupts
                0x00000000800011a8                register_interrupt_handler
 .text          0x0000000080001220       0x60 arch/mips32/page.o
                0x0000000080001220                init_pgtable
 .text          0x0000000080001280      0x1a0 arch/mips32/exc.o
                0x0000000080001280                do_exceptions
                0x0000000080001394                register_exception_handler
                0x00000000800013e8                init_exception
 .text          0x0000000080001420       0x30 arch/mips32/arch.o
                0x0000000080001420                get_phymm_size
 .text          0x0000000080001450      0x320 kernel/init.o
                0x0000000080001450                machine_info
                0x00000000800014f0                create_startup_process
                0x00000000800015c0                init_kernel
 .text          0x0000000080001770      0xc50 kernel/mm/bootmm.o
                0x0000000080001770                set_mminfo
                0x00000000800017c8                insert_mminfo
                0x0000000080001ae8                split_mminfo
                0x0000000080001cb4                remove_mminfo
                0x0000000080001dbc                init_bootmm
                0x0000000080001f10                set_maps
                0x0000000080001f8c                find_pages
                0x000000008000214c                bootmm_alloc_pages
                0x00000000800022ac                bootmap_info
 .text          0x00000000800023c0      0xc60 kernel/mm/slab.o
                0x00000000800025fc                init_kmem_cpu
                0x0000000080002634                init_kmem_node
                0x0000000080002688                init_each_slab
                0x0000000080002740                init_slab
                0x00000000800027e0                format_slabpage
                0x0000000080002940                slab_alloc
                0x0000000080002b94                slab_free
                0x0000000080002d18                get_slab
                0x0000000080002e34                kmalloc
                0x0000000080002f50                kfree
 .text          0x0000000080003020      0xc50 kernel/mm/buddy.o
                0x00000000800031ec                buddy_info
                0x00000000800032c8                init_pages
                0x000000008000346c                init_buddy
                0x0000000080003748                __free_pages
                0x0000000080003994                __alloc_pages
                0x0000000080003b84                alloc_pages
                0x0000000080003bfc                free_pages
 .text          0x0000000080003c70      0x820 kernel/pc/pc.o
                0x0000000080003e9c                init_pc
                0x0000000080003f88                pc_schedule
                0x00000000800040c0                pc_peek
                0x000000008000415c                pc_create
                0x0000000080004244                pc_kill_syscall
                0x00000000800042c4                pc_kill
                0x000000008000436c                get_curr_pcb
                0x00000000800043a8                print_proc
 .text          0x0000000080004490      0x150 kernel/lock/lock.o
                0x00000000800044d0                init_lock
                0x000000008000451c                lockup
                0x0000000080004578                unlock
 .text          0x00000000800045e0     0x1a70 kernel/fs/fscache/fscache.o
                0x00000000800045e0                fs_victim_4k
                0x0000000080005590                fs_write_4k
                0x0000000080005648                fs_read_4k
                0x0000000080005870                fs_clr_4k
                0x00000000800059c8                fs_victim_512
                0x0000000080005c44                fs_write_512
                0x0000000080005cf0                fs_read_512
                0x0000000080005f04                fs_clr_512
 .text          0x0000000080006050      0x8a0 kernel/fs/fat/journal.o
                0x0000000080006050                init_journal_info
                0x00000000800060f8                journal_new_superblock
                0x000000008000621c                journal_reset
                0x0000000080006268                journal_bmap
                0x00000000800062a8                journal_next_log_block
                0x0000000080006348                load_superblock
                0x0000000080006400                journal_get_superblock
                0x0000000080006568                journal_update_superblock
                0x00000000800066ac                journal_write_block
                0x0000000080006708                journal_pointer_increment
                0x0000000080006784                journal_pointer_move
                0x0000000080006830                journal_finish
 .text          0x00000000800068f0      0x6a0 kernel/fs/fat/utils.o
                0x00000000800068f0                read_block
                0x0000000080006938                write_block
                0x0000000080006980                get_u16
                0x00000000800069d0                get_u32
                0x0000000080006a3c                set_u16
                0x0000000080006a98                set_u32
                0x0000000080006b1c                fs_wa
                0x0000000080006b78                get_entry_filesize
                0x0000000080006bb8                get_entry_attr
                0x0000000080006be8                get_start_cluster
                0x0000000080006c24                get_fat_entry_value
                0x0000000080006cf8                fs_modify_fat
                0x0000000080006e44                cluster_to_fat_entry
                0x0000000080006ec0                fs_dataclus2sec
                0x0000000080006f28                fs_sec2dataclus
 .text          0x0000000080006f90      0xaa0 kernel/fs/fat/recovery.o
                0x0000000080006fdc                jread
                0x000000008000713c                journal_recover
                0x00000000800078e4                journal_set_revoke
                0x0000000080007994                journal_test_revoke
 .text          0x0000000080007a30      0xd30 kernel/fs/fat/commit.o
                0x0000000080007a30                journal_commit_transactions
                0x0000000080007bb0                journal_commit_transaction
                0x0000000080007fd4                write_data_block
                0x0000000080008154                do_checkpoint
                0x000000008000828c                do_one_checkpoint
                0x000000008000859c                journal_erase_handle
 .text          0x0000000080008760      0x6c0 kernel/fs/fat/revoke.o
                0x0000000080008940                journal_revoke
                0x0000000080008970                journal_init_revoke_table
                0x0000000080008aac                hash
                0x0000000080008b2c                insert_revoke_hash
                0x0000000080008bd4                find_revoke_record
                0x0000000080008c88                journal_write_revoke_records
                0x0000000080008dc4                write_one_revoke_record
 .text          0x0000000080008e20     0x46a0 kernel/fs/fat/fat.o
                0x0000000080008e20                init_fat_info
                0x0000000080009160                init_fat_buf
                0x0000000080009244                init_dir_buf
                0x00000000800092e0                init_fs
                0x0000000080009358                write_fat_sector
                0x0000000080009530                read_fat_sector
                0x000000008000a30c                fs_next_slash
                0x000000008000a5a4                fs_cmp_filename
                0x000000008000a62c                fs_find
                0x000000008000ab4c                fs_open
                0x000000008000ad20                fs_fflush
                0x000000008000ae94                fs_close
                0x000000008000b03c                fs_read
                0x000000008000b3fc                fs_next_free
                0x000000008000b4cc                fs_alloc
                0x000000008000b6c0                fs_write
                0x000000008000c980                fs_lseek
                0x000000008000c9ec                fs_find_empty_entry
                0x000000008000cd70                fs_create_with_attr
                0x000000008000d1dc                fs_create
                0x000000008000d218                get_filename
 .text          0x000000008000d4c0      0x800 kernel/fs/fat/usr.o
                0x000000008000d4c0                fs_rm
                0x000000008000d608                fs_mv
                0x000000008000d818                fs_mkdir
                0x000000008000dbbc                fs_cat
 .text          0x000000008000dcc0        0x0 kernel/fs/fat/debug.o
 .text          0x000000008000dcc0      0x660 kernel/fs/fat/dir.o
                0x000000008000dcc0                fs_open_dir
                0x000000008000df24                fs_read_dir
 .text          0x000000008000e320      0x510 kernel/driver/sd.o
                0x000000008000e3cc                sd_read_sector_blocking
                0x000000008000e4fc                sd_write_sector_blocking
                0x000000008000e62c                sd_read_block
                0x000000008000e704                sd_write_block
 .text          0x000000008000e830      0xa40 kernel/driver/vga.o
                0x000000008000e830                kernel_set_cursor
                0x000000008000e898                init_vga
                0x000000008000e8fc                kernel_clear_screen
                0x000000008000e980                kernel_scroll_screen
                0x000000008000ea2c                kernel_putchar_at
                0x000000008000eadc                kernel_putchar
                0x000000008000ed18                kernel_puts
                0x000000008000ed9c                kernel_putint
                0x000000008000ef04                kernel_putintx
                0x000000008000efd0                kernel_vprintf
                0x000000008000f20c                kernel_printf
 .text          0x000000008000f270      0x670 kernel/driver/ps2.o
                0x000000008000f270                init_buffer
                0x000000008000f300                init_ps2
                0x000000008000f35c                ps2_handler
                0x000000008000f6cc                kernel_getkey
                0x000000008000f794                kernel_scantoascii
                0x000000008000f840                sleep
                0x000000008000f880                kernel_getchar
 .text          0x000000008000f8e0       0x60 kernel/syscall/syscall4.o
                0x000000008000f8e0                syscall4
 .text          0x000000008000f940      0x150 kernel/syscall/syscall.o
                0x000000008000f940                init_syscall
                0x000000008000f994                syscall
                0x000000008000fa38                register_syscall
 .text          0x000000008000fa90      0x4f0 kernel/time/time.o
                0x000000008000fa90                get_time_string
                0x000000008000fde8                system_time_proc
                0x000000008000fef4                get_time
 .text          0x000000008000ff80      0x3a0 utils/utils.o
                0x000000008000ff80                kernel_memcpy
                0x0000000080010004                kernel_memset
                0x0000000080010034                kernel_memset_word
                0x0000000080010094                kernel_strcmp
                0x000000008001011c                kernel_strcpy
                0x0000000080010178                pow
                0x00000000800101e8                kernel_cache
                0x000000008001023c                kernel_serial_puts
                0x0000000080010298                kernel_serial_putc
                0x00000000800102d4                is_bound
 .text          0x0000000080010320      0x2b0 utils/log.o
                0x0000000080010320                log_level_adv
                0x000000008001036c                log_level_rec
                0x00000000800103b4                log
                0x0000000080010538                step
                0x0000000080010598                step_reset
 .text          0x00000000800105d0       0x60 utils/assert.o
                0x00000000800105d0                assert
 .text          0x0000000080010630      0xa10 usr/ps.o
                0x0000000080010630                test_proc
                0x00000000800106a4                proc_demo_create
                0x0000000080010750                ps
                0x0000000080010954                parse_cmd
 .text          0x0000000080011040      0x370 usr/ls.o
                0x0000000080011040                cut_front_blank
                0x000000008001110c                strlen
                0x0000000080011164                each_param
                0x0000000080011224                ls
 .text          0x00000000800113b0     0x1420 usr/myvi.o
                0x00000000800113b0                myvi_init
                0x0000000080011448                to_lower_case
                0x00000000800114b0                mystrcpy
                0x000000008001150c                load_file
                0x00000000800116dc                save_file
                0x0000000080011794                insert_key
                0x0000000080011878                delete_key
                0x000000008001191c                put_char_on_screen
                0x0000000080011994                screen_flush
                0x0000000080011dbc                get_key
                0x0000000080011df4                page_location_last_line
                0x0000000080011e9c                page_location_next_line
                0x0000000080011f44                cursor_prev_line
                0x0000000080012024                cursor_next_line
                0x00000000800120d0                do_command_mode
                0x0000000080012344                do_insert_mode
                0x000000008001248c                do_last_line_mode
                0x0000000080012670                myvi
 .text          0x00000000800127d0      0x1d0 usr/exec.o
                0x00000000800127d0                exec
 *(.text.*)
 *(.stub)
 *(.gnu.warning)
 *(.gnu.linkonce.t*)
 *(.mips16.fn.*)
 *(.mips16.call.*)
                0x00000000800129a0                _ecode = .

.init
 *(.init)

.fini
 *(.fini)

.rodata         0x00000000800129a0      0xed0
 *(.rodata)
 .rodata        0x00000000800129a0       0x50 arch/mips32/exc.o
 .rodata        0x00000000800129f0       0x30 arch/mips32/arch.o
                0x00000000800129f0                CHAR_VRAM
                0x00000000800129f4                GRAPHIC_VRAM
                0x00000000800129f8                GPIO_SWITCH
                0x00000000800129fc                GPIO_BUTTON
                0x0000000080012a00                GPIO_SEG
                0x0000000080012a04                GPIO_LED
                0x0000000080012a08                GPIO_PS2_DATA
                0x0000000080012a0c                GPIO_PS2_CTRL
                0x0000000080012a10                GPIO_UART_DATA
                0x0000000080012a14                GPIO_UART_CTRL
                0x0000000080012a18                GPIO_CURSOR
                0x0000000080012a1c                VGA_MODE
 .rodata        0x0000000080012a20      0x100 kernel/init.o
 .rodata        0x0000000080012b20       0xa0 kernel/mm/bootmm.o
 .rodata        0x0000000080012bc0       0x70 kernel/mm/slab.o
 .rodata        0x0000000080012c30       0xb0 kernel/mm/buddy.o
 .rodata        0x0000000080012ce0       0x40 kernel/pc/pc.o
 .rodata        0x0000000080012d20       0x70 kernel/fs/fscache/fscache.o
 .rodata        0x0000000080012d90      0x1a0 kernel/fs/fat/journal.o
 .rodata        0x0000000080012f30       0xe0 kernel/fs/fat/recovery.o
 .rodata        0x0000000080013010      0x2a0 kernel/fs/fat/commit.o
 .rodata        0x00000000800132b0       0xf0 kernel/fs/fat/fat.o
 .rodata        0x00000000800133a0       0x20 kernel/fs/fat/usr.o
 .rodata        0x00000000800133c0       0x50 kernel/driver/sd.o
 .rodata        0x0000000080013410       0x30 kernel/driver/vga.o
                0x0000000080013410                VGA_CHAR_MAX_ROW
                0x0000000080013414                VGA_CHAR_MAX_COL
                0x0000000080013418                VGA_CHAR_ROW
                0x000000008001341c                VGA_CHAR_COL
 .rodata        0x0000000080013440       0x10 kernel/driver/ps2.o
 .rodata        0x0000000080013450       0x40 kernel/time/time.o
 .rodata        0x0000000080013490       0x80 utils/log.o
 .rodata        0x0000000080013510       0x20 utils/assert.o
 .rodata        0x0000000080013530      0x1e0 usr/ps.o
 .rodata        0x0000000080013710       0x40 usr/ls.o
 .rodata        0x0000000080013750      0x100 usr/myvi.o
 .rodata        0x0000000080013850       0x20 usr/exec.o
                0x0000000080013850                CACHE_BLOCK_SIZE
 *(.rodata.*)
 *(.gnu.linkonce.r*)

.MIPS.abiflags  0x0000000080013870       0x18
 .MIPS.abiflags
                0x0000000080013870       0x18 arch/mips32/start.o

.rodata1
 *(.rodata1)

.sdata2
 *(.sdata2)

.sbss2
 *(.sbss2)

.sdeinit
 *(.sdeinit)

.sdefini
 *(.sdefini)

.eh_frame
 *(.eh_frame)

.gcc_except_table
 *(.gcc_except_table)

.ctors
 *crt0.o(.ctors)
 *crtbegin.o(.ctors)
 *crtbeginS.o(.ctors)
 *(EXCLUDE_FILE(*crtn.o *crtendS.o *crtend.o) .ctors)
 *(SORT(.ctors.*))
 *(.ctors)

.dtors
 *crt0.o(.dtors)
 *crtbegin.o(.dtors)
 *crtbeginS.o(.dtors)
 *(EXCLUDE_FILE(*crtn.o *crtendS.o *crtend.o) .dtors)
 *(SORT(.dtors.*))
 *(.dtors)

.dynamic
 *(.dynamic)

.dynsym
 *(.dynsym)

.hash
 *(.hash)

.dynstr
 *(.dynstr)
                0x0000000080013888                __etext = .
                0x0000000080013888                _etext = .
                [!provide]                        PROVIDE (etext, .)
                0x0000000080013888                . = ALIGN (0x8)

.data           0x0000000080013890      0x170
                0x0000000080013890                _fdata = .
 *(.data)
 .data          0x0000000080013890        0x0 arch/mips32/start.o
 .data          0x0000000080013890        0x0 arch/mips32/intr.o
 .data          0x0000000080013890        0x0 arch/mips32/page.o
 .data          0x0000000080013890        0x0 arch/mips32/exc.o
 .data          0x0000000080013890       0x10 arch/mips32/arch.o
                0x0000000080013890                kernel_sp
 .data          0x00000000800138a0        0x0 kernel/init.o
 .data          0x00000000800138a0       0x20 kernel/mm/bootmm.o
                0x00000000800138a0                mem_msg
 .data          0x00000000800138c0       0x30 kernel/mm/slab.o
 .data          0x00000000800138f0        0x0 kernel/mm/buddy.o
 .data          0x00000000800138f0        0x0 kernel/pc/pc.o
 .data          0x00000000800138f0        0x0 kernel/lock/lock.o
 .data          0x00000000800138f0        0x0 kernel/fs/fscache/fscache.o
 .data          0x00000000800138f0        0x0 kernel/fs/fat/journal.o
 .data          0x00000000800138f0        0x0 kernel/fs/fat/utils.o
 .data          0x00000000800138f0        0x0 kernel/fs/fat/recovery.o
 .data          0x00000000800138f0        0x0 kernel/fs/fat/commit.o
 .data          0x00000000800138f0        0x0 kernel/fs/fat/revoke.o
 .data          0x00000000800138f0        0x0 kernel/fs/fat/fat.o
 .data          0x00000000800138f0        0x0 kernel/fs/fat/usr.o
 .data          0x00000000800138f0        0x0 kernel/fs/fat/debug.o
 .data          0x00000000800138f0        0x0 kernel/fs/fat/dir.o
 .data          0x00000000800138f0        0x0 kernel/driver/sd.o
 .data          0x00000000800138f0       0x10 kernel/driver/vga.o
                0x00000000800138f0                cursor_freq
 .data          0x0000000080013900      0x100 kernel/driver/ps2.o
                0x0000000080013900                scantoascii_uppercase
                0x0000000080013980                scantoascii_lowercase
 .data          0x0000000080013a00        0x0 kernel/syscall/syscall4.o
 .data          0x0000000080013a00        0x0 kernel/syscall/syscall.o
 .data          0x0000000080013a00        0x0 kernel/time/time.o
 .data          0x0000000080013a00        0x0 utils/utils.o
 .data          0x0000000080013a00        0x0 utils/log.o
 .data          0x0000000080013a00        0x0 utils/assert.o
 .data          0x0000000080013a00        0x0 usr/ps.o
 .data          0x0000000080013a00        0x0 usr/ls.o
 .data          0x0000000080013a00        0x0 usr/myvi.o
 .data          0x0000000080013a00        0x0 usr/exec.o
 *(.data.*)
 *(.gnu.linkonce.d*)

.data1
 *(.data1)
                0x000000008001b9f0                _gp = (ALIGN (0x10) + 0x7ff0)

.got
 *(.got.plt)
 *(.got)

.sdata
 *(.sdata)
 *(.sdata1)
 *(.sdata.*)
 *(.gnu.linkonce.s.*)

.lit8
 *(.lit8)

.lit4
 *(.lit4)
                0x0000000080013a00                . = ALIGN (0x8)
                0x0000000080013a00                _edata = .
                [!provide]                        PROVIDE (edata, .)
                0x0000000080013a00                __bss_start = .
                [!provide]                        PROVIDE (__edata, .)
                0x0000000080013a00                _fbss = .

.sbss           0x0000000080013a00       0x5c
                0x0000000080013a00                __sbss_start = .
                0x0000000080013a00                ___sbss_start = .
 *(.dynsbss)
 *(.sbss)
 .sbss          0x0000000080013a00       0x14 kernel/driver/ps2.o
 .sbss          0x0000000080013a14        0x4 utils/log.o
 *(.sbss.*)
 *(.scommon)
 .scommon       0x0000000080013a18        0x4 kernel/init.o
                0x0000000080013a18                journal
 .scommon       0x0000000080013a1c        0x8 kernel/mm/bootmm.o
                0x0000000080013a1c                firstusercode_start
                0x0000000080013a20                firstusercode_len
 .scommon       0x0000000080013a24        0xc kernel/mm/buddy.o
                0x0000000080013a24                kernel_start_pfn
                0x0000000080013a28                kernel_end_pfn
                0x0000000080013a2c                pages
 .scommon       0x0000000080013a30        0x4 kernel/pc/pc.o
                0x0000000080013a30                curr_proc
 .scommon       0x0000000080013a34        0x0 kernel/fs/fscache/fscache.o
 .scommon       0x0000000080013a34        0x0 kernel/fs/fat/journal.o
 .scommon       0x0000000080013a34        0x0 kernel/fs/fat/utils.o
 .scommon       0x0000000080013a34        0x0 kernel/fs/fat/recovery.o
 .scommon       0x0000000080013a34        0x0 kernel/fs/fat/commit.o
 .scommon       0x0000000080013a34        0x0 kernel/fs/fat/revoke.o
 .scommon       0x0000000080013a34        0x0 kernel/fs/fat/fat.o
 .scommon       0x0000000080013a34        0x0 kernel/fs/fat/usr.o
 .scommon       0x0000000080013a34        0x0 kernel/fs/fat/dir.o
 .scommon       0x0000000080013a34        0x8 kernel/driver/vga.o
                0x0000000080013a34                cursor_col
                0x0000000080013a38                cursor_row
 .scommon       0x0000000080013a3c        0x4 usr/ps.o
                0x0000000080013a3c                ps_buffer_index
 .scommon       0x0000000080013a40        0x0 usr/ls.o
 .scommon       0x0000000080013a40       0x1c usr/myvi.o
                0x0000000080013a40                cursor_location
                0x0000000080013a44                is_new_file
                0x0000000080013a48                page_end
                0x0000000080013a4c                filename
                0x0000000080013a50                mode
                0x0000000080013a54                err
                0x0000000080013a58                pre_cursor_freq
 .scommon       0x0000000080013a5c        0x0 usr/exec.o
                0x0000000080013a5c                __sbss_end = .
                0x0000000080013a5c                ___sbss_end = .

.bss            0x0000000080013a60    0x1840c
 *(.dynbss)
 *(.bss)
 .bss           0x0000000080013a60        0x0 arch/mips32/start.o
 .bss           0x0000000080013a60        0x0 arch/mips32/intr.o
 .bss           0x0000000080013a60        0x0 arch/mips32/page.o
 .bss           0x0000000080013a60        0x0 arch/mips32/exc.o
 .bss           0x0000000080013a60        0x0 arch/mips32/arch.o
 .bss           0x0000000080013a60        0x0 kernel/init.o
 .bss           0x0000000080013a60        0x0 kernel/mm/bootmm.o
 .bss           0x0000000080013a60        0x0 kernel/mm/slab.o
 .bss           0x0000000080013a60        0x0 kernel/mm/buddy.o
 .bss           0x0000000080013a60        0x0 kernel/pc/pc.o
 .bss           0x0000000080013a60        0x0 kernel/lock/lock.o
 .bss           0x0000000080013a60        0x0 kernel/fs/fscache/fscache.o
 .bss           0x0000000080013a60        0x0 kernel/fs/fat/journal.o
 .bss           0x0000000080013a60        0x0 kernel/fs/fat/utils.o
 .bss           0x0000000080013a60        0x0 kernel/fs/fat/recovery.o
 .bss           0x0000000080013a60        0x0 kernel/fs/fat/commit.o
 .bss           0x0000000080013a60        0x0 kernel/fs/fat/revoke.o
 .bss           0x0000000080013a60       0x10 kernel/fs/fat/fat.o
                0x0000000080013a60                fat_clock_head
                0x0000000080013a64                dir_data_clock_head
 .bss           0x0000000080013a70        0x0 kernel/fs/fat/usr.o
 .bss           0x0000000080013a70        0x0 kernel/fs/fat/debug.o
 .bss           0x0000000080013a70        0x0 kernel/fs/fat/dir.o
 .bss           0x0000000080013a70        0x0 kernel/driver/sd.o
 .bss           0x0000000080013a70        0x0 kernel/driver/vga.o
 .bss           0x0000000080013a70      0x100 kernel/driver/ps2.o
 .bss           0x0000000080013b70        0x0 kernel/syscall/syscall4.o
 .bss           0x0000000080013b70        0x0 kernel/syscall/syscall.o
 .bss           0x0000000080013b70        0x0 kernel/time/time.o
 .bss           0x0000000080013b70        0x0 utils/utils.o
 .bss           0x0000000080013b70       0x10 utils/log.o
                0x0000000080013b70                gstep
 .bss           0x0000000080013b80        0x0 utils/assert.o
 .bss           0x0000000080013b80        0x0 usr/ps.o
 .bss           0x0000000080013b80        0x0 usr/ls.o
 .bss           0x0000000080013b80       0x60 usr/myvi.o
                0x0000000080013b80                instruction
                0x0000000080013bd0                inst_len
                0x0000000080013bd4                size
                0x0000000080013bd8                page_location
 .bss           0x0000000080013be0        0x0 usr/exec.o
 *(.bss.*)
 *(COMMON)
 COMMON         0x0000000080013be0       0x20 arch/mips32/intr.o
                0x0000000080013be0                interrupts
 COMMON         0x0000000080013c00       0x80 arch/mips32/exc.o
                0x0000000080013c00                exceptions
 COMMON         0x0000000080013c80      0x418 kernel/init.o
                0x0000000080013c80                fat_info
 COMMON         0x0000000080014098     0x8090 kernel/mm/bootmm.o
                0x0000000080014098                bootmmmap
                0x000000008001c098                bmm
 COMMON         0x000000008001c128      0x270 kernel/mm/slab.o
                0x000000008001c128                kmalloc_caches
 COMMON         0x000000008001c398       0x54 kernel/mm/buddy.o
                0x000000008001c398                buddy
 COMMON         0x000000008001c3ec      0x560 kernel/pc/pc.o
                0x000000008001c3ec                pcb
 COMMON         0x000000008001c94c     0x1c70 kernel/fs/fat/fat.o
                0x000000008001c94c                dir_data_buf
                0x000000008001d18c                filename11
                0x000000008001d19c                new_alloc_empty
                0x000000008001e19c                fat_buf
 COMMON         0x000000008001e5bc     0x4190 kernel/fs/fat/usr.o
                0x000000008001e5bc                file_create
                0x000000008002272c                mk_dir_buf
 COMMON         0x000000008002274c     0x4170 kernel/fs/fat/dir.o
                0x000000008002274c                dir_find
 COMMON         0x00000000800268bc      0x400 kernel/syscall/syscall.o
                0x00000000800268bc                syscalls
 COMMON         0x0000000080026cbc       0x40 usr/ps.o
                0x0000000080026cbc                ps_buffer
 COMMON         0x0000000080026cfc     0x5170 usr/myvi.o
                0x0000000080026cfc                file
                0x000000008002ae6c                buffer
                0x000000008002be6c                . = ALIGN (0x4)
                0x000000008002be6c                . = ALIGN (0x4)
                0x000000008002be6c                _end = .
                [!provide]                        PROVIDE (__end, .)
                [!provide]                        PROVIDE (end, .)

.stab
 *(.stab)

.stabstr
 *(.stabstr)

.stab.excl
 *(.stab.excl)

.stab.exclstr
 *(.stab.exclstr)

.stab.index
 *(.stab.index)

.stab.indexstr
 *(.stab.indexstr)

.comment        0x0000000000000000       0x3f
 *(.comment)
 .comment       0x0000000000000000       0x3f arch/mips32/intr.o
                                         0x40 (size before relaxing)
 .comment       0x000000000000003f       0x40 arch/mips32/page.o
 .comment       0x000000000000003f       0x40 arch/mips32/exc.o
 .comment       0x000000000000003f       0x40 arch/mips32/arch.o
 .comment       0x000000000000003f       0x40 kernel/init.o
 .comment       0x000000000000003f       0x40 kernel/mm/bootmm.o
 .comment       0x000000000000003f       0x40 kernel/mm/slab.o
 .comment       0x000000000000003f       0x40 kernel/mm/buddy.o
 .comment       0x000000000000003f       0x40 kernel/pc/pc.o
 .comment       0x000000000000003f       0x40 kernel/lock/lock.o
 .comment       0x000000000000003f       0x40 kernel/fs/fscache/fscache.o
 .comment       0x000000000000003f       0x40 kernel/fs/fat/journal.o
 .comment       0x000000000000003f       0x40 kernel/fs/fat/utils.o
 .comment       0x000000000000003f       0x40 kernel/fs/fat/recovery.o
 .comment       0x000000000000003f       0x40 kernel/fs/fat/commit.o
 .comment       0x000000000000003f       0x40 kernel/fs/fat/revoke.o
 .comment       0x000000000000003f       0x40 kernel/fs/fat/fat.o
 .comment       0x000000000000003f       0x40 kernel/fs/fat/usr.o
 .comment       0x000000000000003f       0x40 kernel/fs/fat/debug.o
 .comment       0x000000000000003f       0x40 kernel/fs/fat/dir.o
 .comment       0x000000000000003f       0x40 kernel/driver/sd.o
 .comment       0x000000000000003f       0x40 kernel/driver/vga.o
 .comment       0x000000000000003f       0x40 kernel/driver/ps2.o
 .comment       0x000000000000003f       0x40 kernel/syscall/syscall4.o
 .comment       0x000000000000003f       0x40 kernel/syscall/syscall.o
 .comment       0x000000000000003f       0x40 kernel/time/time.o
 .comment       0x000000000000003f       0x40 utils/utils.o
 .comment       0x000000000000003f       0x40 utils/log.o
 .comment       0x000000000000003f       0x40 utils/assert.o
 .comment       0x000000000000003f       0x40 usr/ps.o
 .comment       0x000000000000003f       0x40 usr/ls.o
 .comment       0x000000000000003f       0x40 usr/myvi.o
 .comment       0x000000000000003f       0x40 usr/exec.o

.gnu.attributes
                0x0000000000000000       0x10
 .gnu.attributes
                0x0000000000000000       0x10 arch/mips32/start.o
 .gnu.attributes
                0x0000000000000010       0x10 arch/mips32/intr.o
 .gnu.attributes
                0x0000000000000020       0x10 arch/mips32/page.o
 .gnu.attributes
                0x0000000000000030       0x10 arch/mips32/exc.o
 .gnu.attributes
                0x0000000000000040       0x10 arch/mips32/arch.o
 .gnu.attributes
                0x0000000000000050       0x10 kernel/init.o
 .gnu.attributes
                0x0000000000000060       0x10 kernel/mm/bootmm.o
 .gnu.attributes
                0x0000000000000070       0x10 kernel/mm/slab.o
 .gnu.attributes
                0x0000000000000080       0x10 kernel/mm/buddy.o
 .gnu.attributes
                0x0000000000000090       0x10 kernel/pc/pc.o
 .gnu.attributes
                0x00000000000000a0       0x10 kernel/lock/lock.o
 .gnu.attributes
                0x00000000000000b0       0x10 kernel/fs/fscache/fscache.o
 .gnu.attributes
                0x00000000000000c0       0x10 kernel/fs/fat/journal.o
 .gnu.attributes
                0x00000000000000d0       0x10 kernel/fs/fat/utils.o
 .gnu.attributes
                0x00000000000000e0       0x10 kernel/fs/fat/recovery.o
 .gnu.attributes
                0x00000000000000f0       0x10 kernel/fs/fat/commit.o
 .gnu.attributes
                0x0000000000000100       0x10 kernel/fs/fat/revoke.o
 .gnu.attributes
                0x0000000000000110       0x10 kernel/fs/fat/fat.o
 .gnu.attributes
                0x0000000000000120       0x10 kernel/fs/fat/usr.o
 .gnu.attributes
                0x0000000000000130       0x10 kernel/fs/fat/debug.o
 .gnu.attributes
                0x0000000000000140       0x10 kernel/fs/fat/dir.o
 .gnu.attributes
                0x0000000000000150       0x10 kernel/driver/sd.o
 .gnu.attributes
                0x0000000000000160       0x10 kernel/driver/vga.o
 .gnu.attributes
                0x0000000000000170       0x10 kernel/driver/ps2.o
 .gnu.attributes
                0x0000000000000180       0x10 kernel/syscall/syscall4.o
 .gnu.attributes
                0x0000000000000190       0x10 kernel/syscall/syscall.o
 .gnu.attributes
                0x00000000000001a0       0x10 kernel/time/time.o
 .gnu.attributes
                0x00000000000001b0       0x10 utils/utils.o
 .gnu.attributes
                0x00000000000001c0       0x10 utils/log.o
 .gnu.attributes
                0x00000000000001d0       0x10 utils/assert.o
 .gnu.attributes
                0x00000000000001e0       0x10 usr/ps.o
 .gnu.attributes
                0x00000000000001f0       0x10 usr/ls.o
 .gnu.attributes
                0x0000000000000200       0x10 usr/myvi.o
 .gnu.attributes
                0x0000000000000210       0x10 usr/exec.o

.mdebug.abi32   0x0000000000000000        0x0
 .mdebug.abi32  0x0000000000000000        0x0 arch/mips32/intr.o
 .mdebug.abi32  0x0000000000000000        0x0 arch/mips32/page.o
 .mdebug.abi32  0x0000000000000000        0x0 arch/mips32/exc.o
 .mdebug.abi32  0x0000000000000000        0x0 arch/mips32/arch.o
 .mdebug.abi32  0x0000000000000000        0x0 kernel/init.o
 .mdebug.abi32  0x0000000000000000        0x0 kernel/mm/bootmm.o
 .mdebug.abi32  0x0000000000000000        0x0 kernel/mm/slab.o
 .mdebug.abi32  0x0000000000000000        0x0 kernel/mm/buddy.o
 .mdebug.abi32  0x0000000000000000        0x0 kernel/pc/pc.o
 .mdebug.abi32  0x0000000000000000        0x0 kernel/lock/lock.o
 .mdebug.abi32  0x0000000000000000        0x0 kernel/fs/fscache/fscache.o
 .mdebug.abi32  0x0000000000000000        0x0 kernel/fs/fat/journal.o
 .mdebug.abi32  0x0000000000000000        0x0 kernel/fs/fat/utils.o
 .mdebug.abi32  0x0000000000000000        0x0 kernel/fs/fat/recovery.o
 .mdebug.abi32  0x0000000000000000        0x0 kernel/fs/fat/commit.o
 .mdebug.abi32  0x0000000000000000        0x0 kernel/fs/fat/revoke.o
 .mdebug.abi32  0x0000000000000000        0x0 kernel/fs/fat/fat.o
 .mdebug.abi32  0x0000000000000000        0x0 kernel/fs/fat/usr.o
 .mdebug.abi32  0x0000000000000000        0x0 kernel/fs/fat/debug.o
 .mdebug.abi32  0x0000000000000000        0x0 kernel/fs/fat/dir.o
 .mdebug.abi32  0x0000000000000000        0x0 kernel/driver/sd.o
 .mdebug.abi32  0x0000000000000000        0x0 kernel/driver/vga.o
 .mdebug.abi32  0x0000000000000000        0x0 kernel/driver/ps2.o
 .mdebug.abi32  0x0000000000000000        0x0 kernel/syscall/syscall4.o
 .mdebug.abi32  0x0000000000000000        0x0 kernel/syscall/syscall.o
 .mdebug.abi32  0x0000000000000000        0x0 kernel/time/time.o
 .mdebug.abi32  0x0000000000000000        0x0 utils/utils.o
 .mdebug.abi32  0x0000000000000000        0x0 utils/log.o
 .mdebug.abi32  0x0000000000000000        0x0 utils/assert.o
 .mdebug.abi32  0x0000000000000000        0x0 usr/ps.o
 .mdebug.abi32  0x0000000000000000        0x0 usr/ls.o
 .mdebug.abi32  0x0000000000000000        0x0 usr/myvi.o
 .mdebug.abi32  0x0000000000000000        0x0 usr/exec.o

.debug
 *(.debug)

.line
 *(.line)

.debug_srcinfo
 *(.debug_srcinfo)

.debug_sfnames
 *(.debug_sfnames)

.debug_aranges
 *(.debug_aranges)

.debug_pubnames
 *(.debug_pubnames)

.debug_info
 *(.debug_info)

.debug_abbrev
 *(.debug_abbrev)

.debug_line
 *(.debug_line)

.debug_frame
 *(.debug_frame)

.debug_str
 *(.debug_str)

.debug_loc
 *(.debug_loc)

.debug_macinfo
 *(.debug_macinfo)

.debug_weaknames
 *(.debug_weaknames)

.debug_funcnames
 *(.debug_funcnames)

.debug_typenames
 *(.debug_typenames)

.debug_varnames
 *(.debug_varnames)

/DISCARD/
 *(.reginfo)

.gptab.sdata
 *(.gptab.data)
 *(.gptab.sdata)

.gptab.sbss
 *(.gptab.bss)
 *(.gptab.sbss)

.pdr            0x0000000000000000     0x1c80
 *(.pdr)
 .pdr           0x0000000000000000        0x0 arch/mips32/start.o
 .pdr           0x0000000000000000       0xa0 arch/mips32/intr.o
 .pdr           0x00000000000000a0       0x20 arch/mips32/page.o
 .pdr           0x00000000000000c0       0x60 arch/mips32/exc.o
 .pdr           0x0000000000000120       0x20 arch/mips32/arch.o
 .pdr           0x0000000000000140       0x60 kernel/init.o
 .pdr           0x00000000000001a0      0x120 kernel/mm/bootmm.o
 .pdr           0x00000000000002c0      0x220 kernel/mm/slab.o
 .pdr           0x00000000000004e0      0x1a0 kernel/mm/buddy.o
 .pdr           0x0000000000000680      0x120 kernel/pc/pc.o
 .pdr           0x00000000000007a0       0x80 kernel/lock/lock.o
 .pdr           0x0000000000000820      0x100 kernel/fs/fscache/fscache.o
 .pdr           0x0000000000000920      0x180 kernel/fs/fat/journal.o
 .pdr           0x0000000000000aa0      0x1e0 kernel/fs/fat/utils.o
 .pdr           0x0000000000000c80      0x120 kernel/fs/fat/recovery.o
 .pdr           0x0000000000000da0       0xc0 kernel/fs/fat/commit.o
 .pdr           0x0000000000000e60      0x1a0 kernel/fs/fat/revoke.o
 .pdr           0x0000000000001000      0x2a0 kernel/fs/fat/fat.o
 .pdr           0x00000000000012a0       0x80 kernel/fs/fat/usr.o
 .pdr           0x0000000000001320        0x0 kernel/fs/fat/debug.o
 .pdr           0x0000000000001320       0x40 kernel/fs/fat/dir.o
 .pdr           0x0000000000001360       0xa0 kernel/driver/sd.o
 .pdr           0x0000000000001400      0x160 kernel/driver/vga.o
 .pdr           0x0000000000001560       0xe0 kernel/driver/ps2.o
 .pdr           0x0000000000001640       0x20 kernel/syscall/syscall4.o
 .pdr           0x0000000000001660       0x60 kernel/syscall/syscall.o
 .pdr           0x00000000000016c0       0x60 kernel/time/time.o
 .pdr           0x0000000000001720      0x140 utils/utils.o
 .pdr           0x0000000000001860       0xa0 utils/log.o
 .pdr           0x0000000000001900       0x20 utils/assert.o
 .pdr           0x0000000000001920       0x80 usr/ps.o
 .pdr           0x00000000000019a0       0x80 usr/ls.o
 .pdr           0x0000000000001a20      0x240 usr/myvi.o
 .pdr           0x0000000000001c60       0x20 usr/exec.o
LOAD arch/mips32/start.o
LOAD arch/mips32/intr.o
LOAD arch/mips32/page.o
LOAD arch/mips32/exc.o
LOAD arch/mips32/arch.o
LOAD kernel/init.o
LOAD kernel/mm/bootmm.o
LOAD kernel/mm/slab.o
LOAD kernel/mm/buddy.o
LOAD kernel/pc/pc.o
LOAD kernel/lock/lock.o
LOAD kernel/fs/fscache/fscache.o
LOAD kernel/fs/fat/journal.o
LOAD kernel/fs/fat/utils.o
LOAD kernel/fs/fat/recovery.o
LOAD kernel/fs/fat/commit.o
LOAD kernel/fs/fat/revoke.o
LOAD kernel/fs/fat/fat.o
LOAD kernel/fs/fat/usr.o
LOAD kernel/fs/fat/debug.o
LOAD kernel/fs/fat/dir.o
LOAD kernel/driver/sd.o
LOAD kernel/driver/vga.o
LOAD kernel/driver/ps2.o
LOAD kernel/syscall/syscall4.o
LOAD kernel/syscall/syscall.o
LOAD kernel/time/time.o
LOAD utils/utils.o
LOAD utils/log.o
LOAD utils/assert.o
LOAD usr/ps.o
LOAD usr/ls.o
LOAD usr/myvi.o
LOAD usr/exec.o
OUTPUT(kernel.elf elf32-tradlittlemips)
