
Allocating common symbols
Common symbol       size              file

interrupts          0x20              arch/mips32/intr.o
kernel_start_pfn    0x4               kernel/mm/buddy.o
dir_data_buf        0x840             kernel/fs/fat/fat.o
cursor_col          0x4               kernel/driver/vga.o
cursor_location     0x4               usr/myvi.o
bootmmmap           0x8000            kernel/mm/bootmm.o
fat_info            0x418             kernel/init.o
file_create         0x4170            kernel/fs/fat/usr.o
curr_proc           0x4               kernel/pc/pc.o
is_new_file         0x4               usr/myvi.o
syscalls            0x400             kernel/syscall/syscall.o
bmm                 0x90              kernel/mm/bootmm.o
cursor_row          0x4               kernel/driver/vga.o
page_end            0x4               usr/myvi.o
filename            0x4               usr/myvi.o
ps_buffer_index     0x4               usr/ps.o
file                0x4170            usr/myvi.o
firstusercode_start
                    0x4               kernel/mm/bootmm.o
filename11          0xd               kernel/fs/fat/fat.o
mode                0x4               usr/myvi.o
buffer              0x1000            usr/myvi.o
mk_dir_buf          0x20              kernel/fs/fat/usr.o
err                 0x4               usr/myvi.o
new_alloc_empty     0x1000            kernel/fs/fat/fat.o
journal             0x4               kernel/init.o
pre_cursor_freq     0x4               usr/myvi.o
pcb                 0x560             kernel/pc/pc.o
exceptions          0x80              arch/mips32/exc.o
kernel_end_pfn      0x4               kernel/mm/buddy.o
buddy               0x54              kernel/mm/buddy.o
firstusercode_len   0x4               kernel/mm/bootmm.o
dir_find            0x4170            kernel/fs/fat/dir.o
fat_buf             0x420             kernel/fs/fat/fat.o
pages               0x4               kernel/mm/buddy.o
kmalloc_caches      0x270             kernel/mm/slab.o
ps_buffer           0x40              usr/ps.o

Discarded input sections

 .reginfo       0x0000000000000000       0x18 arch/mips32/start.o
 .reginfo       0x0000000000000000       0x18 arch/mips32/intr.o
 .MIPS.abiflags
                0x0000000000000000       0x18 arch/mips32/intr.o
 .reginfo       0x0000000000000000       0x18 arch/mips32/page.o
 .MIPS.abiflags
                0x0000000000000000       0x18 arch/mips32/page.o
 .reginfo       0x0000000000000000       0x18 arch/mips32/exc.o
 .MIPS.abiflags
                0x0000000000000000       0x18 arch/mips32/exc.o
 .reginfo       0x0000000000000000       0x18 arch/mips32/arch.o
 .MIPS.abiflags
                0x0000000000000000       0x18 arch/mips32/arch.o
 .reginfo       0x0000000000000000       0x18 kernel/init.o
 .MIPS.abiflags
                0x0000000000000000       0x18 kernel/init.o
 .reginfo       0x0000000000000000       0x18 kernel/mm/bootmm.o
 .MIPS.abiflags
                0x0000000000000000       0x18 kernel/mm/bootmm.o
 .reginfo       0x0000000000000000       0x18 kernel/mm/slab.o
 .MIPS.abiflags
                0x0000000000000000       0x18 kernel/mm/slab.o
 .reginfo       0x0000000000000000       0x18 kernel/mm/buddy.o
 .MIPS.abiflags
                0x0000000000000000       0x18 kernel/mm/buddy.o
 .reginfo       0x0000000000000000       0x18 kernel/pc/pc.o
 .MIPS.abiflags
                0x0000000000000000       0x18 kernel/pc/pc.o
 .reginfo       0x0000000000000000       0x18 kernel/lock/lock.o
 .MIPS.abiflags
                0x0000000000000000       0x18 kernel/lock/lock.o
 .reginfo       0x0000000000000000       0x18 kernel/fs/fscache/fscache.o
 .MIPS.abiflags
                0x0000000000000000       0x18 kernel/fs/fscache/fscache.o
 .reginfo       0x0000000000000000       0x18 kernel/fs/fat/journal.o
 .MIPS.abiflags
                0x0000000000000000       0x18 kernel/fs/fat/journal.o
 .reginfo       0x0000000000000000       0x18 kernel/fs/fat/utils.o
 .MIPS.abiflags
                0x0000000000000000       0x18 kernel/fs/fat/utils.o
 .reginfo       0x0000000000000000       0x18 kernel/fs/fat/recovery.o
 .MIPS.abiflags
                0x0000000000000000       0x18 kernel/fs/fat/recovery.o
 .reginfo       0x0000000000000000       0x18 kernel/fs/fat/commit.o
 .MIPS.abiflags
                0x0000000000000000       0x18 kernel/fs/fat/commit.o
 .reginfo       0x0000000000000000       0x18 kernel/fs/fat/revoke.o
 .MIPS.abiflags
                0x0000000000000000       0x18 kernel/fs/fat/revoke.o
 .reginfo       0x0000000000000000       0x18 kernel/fs/fat/fat.o
 .MIPS.abiflags
                0x0000000000000000       0x18 kernel/fs/fat/fat.o
 .reginfo       0x0000000000000000       0x18 kernel/fs/fat/usr.o
 .MIPS.abiflags
                0x0000000000000000       0x18 kernel/fs/fat/usr.o
 .reginfo       0x0000000000000000       0x18 kernel/fs/fat/debug.o
 .MIPS.abiflags
                0x0000000000000000       0x18 kernel/fs/fat/debug.o
 .reginfo       0x0000000000000000       0x18 kernel/fs/fat/dir.o
 .MIPS.abiflags
                0x0000000000000000       0x18 kernel/fs/fat/dir.o
 .reginfo       0x0000000000000000       0x18 kernel/driver/sd.o
 .MIPS.abiflags
                0x0000000000000000       0x18 kernel/driver/sd.o
 .reginfo       0x0000000000000000       0x18 kernel/driver/vga.o
 .MIPS.abiflags
                0x0000000000000000       0x18 kernel/driver/vga.o
 .reginfo       0x0000000000000000       0x18 kernel/driver/ps2.o
 .MIPS.abiflags
                0x0000000000000000       0x18 kernel/driver/ps2.o
 .reginfo       0x0000000000000000       0x18 kernel/syscall/syscall4.o
 .MIPS.abiflags
                0x0000000000000000       0x18 kernel/syscall/syscall4.o
 .reginfo       0x0000000000000000       0x18 kernel/syscall/syscall.o
 .MIPS.abiflags
                0x0000000000000000       0x18 kernel/syscall/syscall.o
 .reginfo       0x0000000000000000       0x18 kernel/time/time.o
 .MIPS.abiflags
                0x0000000000000000       0x18 kernel/time/time.o
 .reginfo       0x0000000000000000       0x18 utils/utils.o
 .MIPS.abiflags
                0x0000000000000000       0x18 utils/utils.o
 .reginfo       0x0000000000000000       0x18 utils/log.o
 .MIPS.abiflags
                0x0000000000000000       0x18 utils/log.o
 .reginfo       0x0000000000000000       0x18 utils/assert.o
 .MIPS.abiflags
                0x0000000000000000       0x18 utils/assert.o
 .reginfo       0x0000000000000000       0x18 usr/ps.o
 .MIPS.abiflags
                0x0000000000000000       0x18 usr/ps.o
 .reginfo       0x0000000000000000       0x18 usr/ls.o
 .MIPS.abiflags
                0x0000000000000000       0x18 usr/ls.o
 .reginfo       0x0000000000000000       0x18 usr/myvi.o
 .MIPS.abiflags
                0x0000000000000000       0x18 usr/myvi.o
 .reginfo       0x0000000000000000       0x18 usr/exec.o
 .MIPS.abiflags
                0x0000000000000000       0x18 usr/exec.o

Memory Configuration

Name             Origin             Length             Attributes
*default*        0x0000000000000000 0xffffffffffffffff

Linker script and memory map

                0x0000000080020000                . = 0x80020000

.interp
 *(.interp)

.gnu.version
 *(.gnu.version)

.gnu.version_d
 *(.gnu.version_d)

.gnu.version_r
 *(.gnu.version_r)

.rel.init
 *(.rel.init)

.rela.init
 *(.rela.init)

.rel.text
 *(.rel.text)
 *(.rel.text.*)
 *(.rel.gnu.linkonce.t*)

.rela.text
 *(.rela.text)
 *(.rela.text.*)
 *(.rela.gnu.linkonce.t*)

.rel.fini
 *(.rel.fini)

.rela.fini
 *(.rela.fini)

.rel.rodata
 *(.rel.rodata)
 *(.rel.rodata.*)
 *(.rel.gnu.linkonce.r*)

.rela.rodata
 *(.rela.rodata)
 *(.rela.rodata.*)
 *(.rela.gnu.linkonce.r*)

.rel.data
 *(.rel.data)
 *(.rel.data.*)
 *(.rel.gnu.linkonce.d*)

.rela.data
 *(.rela.data)
 *(.rela.data.*)
 *(.rela.gnu.linkonce.d*)

.rel.ctors
 *(.rel.ctors)

.rela.ctors
 *(.rela.ctors)

.rel.dtors
 *(.rel.dtors)

.rela.dtors
 *(.rela.dtors)

.rel.got
 *(.rel.got)

.rela.got
 *(.rela.got)

.rel.sdata
 *(.rel.sdata)
 *(.rel.sdata1)
 *(.rel.sdata.*)
 *(.rel.gnu.linkonce.s*)

.rela.sdata
 *(.rela.sdata)
 *(.rela.sdata1)
 *(.rela.sdata.*)
 *(.rela.gnu.linkonce.s*)

.rel.sbss
 *(.rel.sbss)

.rela.sbss
 *(.rela.sbss)

.rel.sdata2
 *(.rel.sdata2)

.rela.sdata2
 *(.rela.sdata2)

.rel.sbss2
 *(.rel.sbss2)

.rela.sbss2
 *(.rela.sbss2)

.rel.bss
 *(.rel.bss)

.rela.bss
 *(.rela.bss)

.rel.plt
 *(.rel.plt)

.rela.plt
 *(.rela.plt)

.plt
 *(.plt)
                0x0000000080000000                . = 0x80000000

.text           0x0000000080000000    0x12a30
                0x0000000080000000                _ftext = .
 *(.text)
 .text          0x0000000080000000     0x1020 arch/mips32/start.o
                0x0000000080000000                exception
                0x0000000080001000                start
 .text          0x0000000080001020      0x200 arch/mips32/intr.o
                0x0000000080001020                init_interrupts
                0x0000000080001058                enable_interrupts
                0x0000000080001094                disable_interrupts
                0x00000000800010d4                do_interrupts
                0x00000000800011a8                register_interrupt_handler
 .text          0x0000000080001220       0x60 arch/mips32/page.o
                0x0000000080001220                init_pgtable
 .text          0x0000000080001280      0x1a0 arch/mips32/exc.o
                0x0000000080001280                do_exceptions
                0x0000000080001394                register_exception_handler
                0x00000000800013e8                init_exception
 .text          0x0000000080001420       0x30 arch/mips32/arch.o
                0x0000000080001420                get_phymm_size
 .text          0x0000000080001450      0x320 kernel/init.o
                0x0000000080001450                machine_info
                0x00000000800014f0                create_startup_process
                0x00000000800015c0                init_kernel
 .text          0x0000000080001770      0xc50 kernel/mm/bootmm.o
                0x0000000080001770                set_mminfo
                0x00000000800017c8                insert_mminfo
                0x0000000080001ae8                split_mminfo
                0x0000000080001cb4                remove_mminfo
                0x0000000080001dbc                init_bootmm
                0x0000000080001f10                set_maps
                0x0000000080001f8c                find_pages
                0x000000008000214c                bootmm_alloc_pages
                0x00000000800022ac                bootmap_info
 .text          0x00000000800023c0      0xc60 kernel/mm/slab.o
                0x00000000800025fc                init_kmem_cpu
                0x0000000080002634                init_kmem_node
                0x0000000080002688                init_each_slab
                0x0000000080002740                init_slab
                0x00000000800027e0                format_slabpage
                0x0000000080002940                slab_alloc
                0x0000000080002b94                slab_free
                0x0000000080002d18                get_slab
                0x0000000080002e34                kmalloc
                0x0000000080002f50                kfree
 .text          0x0000000080003020      0xc50 kernel/mm/buddy.o
                0x00000000800031ec                buddy_info
                0x00000000800032c8                init_pages
                0x000000008000346c                init_buddy
                0x0000000080003748                __free_pages
                0x0000000080003994                __alloc_pages
                0x0000000080003b84                alloc_pages
                0x0000000080003bfc                free_pages
 .text          0x0000000080003c70      0x820 kernel/pc/pc.o
                0x0000000080003e9c                init_pc
                0x0000000080003f88                pc_schedule
                0x00000000800040c0                pc_peek
                0x000000008000415c                pc_create
                0x0000000080004244                pc_kill_syscall
                0x00000000800042c4                pc_kill
                0x000000008000436c                get_curr_pcb
                0x00000000800043a8                print_proc
 .text          0x0000000080004490      0x150 kernel/lock/lock.o
                0x00000000800044d0                init_lock
                0x000000008000451c                lockup
                0x0000000080004578                unlock
 .text          0x00000000800045e0     0x1a70 kernel/fs/fscache/fscache.o
                0x00000000800045e0                fs_victim_4k
                0x0000000080005590                fs_write_4k
                0x0000000080005648                fs_read_4k
                0x0000000080005870                fs_clr_4k
                0x00000000800059c8                fs_victim_512
                0x0000000080005c44                fs_write_512
                0x0000000080005cf0                fs_read_512
                0x0000000080005f04                fs_clr_512
 .text          0x0000000080006050      0x930 kernel/fs/fat/journal.o
                0x0000000080006050                init_journal_info
                0x00000000800060f8                journal_new_superblock
                0x0000000080006238                journal_reset
                0x0000000080006284                journal_bmap
                0x00000000800062c4                journal_next_log_block
                0x0000000080006364                load_superblock
                0x000000008000641c                journal_get_superblock
                0x0000000080006594                journal_update_superblock
                0x0000000080006734                journal_write_block
                0x0000000080006790                journal_pointer_increment
                0x000000008000680c                journal_pointer_move
                0x00000000800068b8                journal_finish
 .text          0x0000000080006980      0x6a0 kernel/fs/fat/utils.o
                0x0000000080006980                read_block
                0x00000000800069c8                write_block
                0x0000000080006a10                get_u16
                0x0000000080006a60                get_u32
                0x0000000080006acc                set_u16
                0x0000000080006b28                set_u32
                0x0000000080006bac                fs_wa
                0x0000000080006c08                get_entry_filesize
                0x0000000080006c48                get_entry_attr
                0x0000000080006c78                get_start_cluster
                0x0000000080006cb4                get_fat_entry_value
                0x0000000080006d88                fs_modify_fat
                0x0000000080006ed4                cluster_to_fat_entry
                0x0000000080006f50                fs_dataclus2sec
                0x0000000080006fb8                fs_sec2dataclus
 .text          0x0000000080007020      0xaa0 kernel/fs/fat/recovery.o
                0x000000008000706c                jread
                0x00000000800071cc                journal_recover
                0x0000000080007974                journal_set_revoke
                0x0000000080007a24                journal_test_revoke
 .text          0x0000000080007ac0      0xd30 kernel/fs/fat/commit.o
                0x0000000080007ac0                journal_commit_transactions
                0x0000000080007c40                journal_commit_transaction
                0x0000000080008064                write_data_block
                0x00000000800081e4                do_checkpoint
                0x000000008000831c                do_one_checkpoint
                0x000000008000862c                journal_erase_handle
 .text          0x00000000800087f0      0x6c0 kernel/fs/fat/revoke.o
                0x00000000800089d0                journal_revoke
                0x0000000080008a00                journal_init_revoke_table
                0x0000000080008b3c                hash
                0x0000000080008bbc                insert_revoke_hash
                0x0000000080008c64                find_revoke_record
                0x0000000080008d18                journal_write_revoke_records
                0x0000000080008e54                write_one_revoke_record
 .text          0x0000000080008eb0     0x46a0 kernel/fs/fat/fat.o
                0x0000000080008eb0                init_fat_info
                0x00000000800091f0                init_fat_buf
                0x00000000800092d4                init_dir_buf
                0x0000000080009370                init_fs
                0x00000000800093e8                write_fat_sector
                0x00000000800095c0                read_fat_sector
                0x000000008000a39c                fs_next_slash
                0x000000008000a634                fs_cmp_filename
                0x000000008000a6bc                fs_find
                0x000000008000abdc                fs_open
                0x000000008000adb0                fs_fflush
                0x000000008000af24                fs_close
                0x000000008000b0cc                fs_read
                0x000000008000b48c                fs_next_free
                0x000000008000b55c                fs_alloc
                0x000000008000b750                fs_write
                0x000000008000ca10                fs_lseek
                0x000000008000ca7c                fs_find_empty_entry
                0x000000008000ce00                fs_create_with_attr
                0x000000008000d26c                fs_create
                0x000000008000d2a8                get_filename
 .text          0x000000008000d550      0x800 kernel/fs/fat/usr.o
                0x000000008000d550                fs_rm
                0x000000008000d698                fs_mv
                0x000000008000d8a8                fs_mkdir
                0x000000008000dc4c                fs_cat
 .text          0x000000008000dd50        0x0 kernel/fs/fat/debug.o
 .text          0x000000008000dd50      0x660 kernel/fs/fat/dir.o
                0x000000008000dd50                fs_open_dir
                0x000000008000dfb4                fs_read_dir
 .text          0x000000008000e3b0      0x510 kernel/driver/sd.o
                0x000000008000e45c                sd_read_sector_blocking
                0x000000008000e58c                sd_write_sector_blocking
                0x000000008000e6bc                sd_read_block
                0x000000008000e794                sd_write_block
 .text          0x000000008000e8c0      0xa40 kernel/driver/vga.o
                0x000000008000e8c0                kernel_set_cursor
                0x000000008000e928                init_vga
                0x000000008000e98c                kernel_clear_screen
                0x000000008000ea10                kernel_scroll_screen
                0x000000008000eabc                kernel_putchar_at
                0x000000008000eb6c                kernel_putchar
                0x000000008000eda8                kernel_puts
                0x000000008000ee2c                kernel_putint
                0x000000008000ef94                kernel_putintx
                0x000000008000f060                kernel_vprintf
                0x000000008000f29c                kernel_printf
 .text          0x000000008000f300      0x670 kernel/driver/ps2.o
                0x000000008000f300                init_buffer
                0x000000008000f390                init_ps2
                0x000000008000f3ec                ps2_handler
                0x000000008000f75c                kernel_getkey
                0x000000008000f824                kernel_scantoascii
                0x000000008000f8d0                sleep
                0x000000008000f910                kernel_getchar
 .text          0x000000008000f970       0x60 kernel/syscall/syscall4.o
                0x000000008000f970                syscall4
 .text          0x000000008000f9d0      0x150 kernel/syscall/syscall.o
                0x000000008000f9d0                init_syscall
                0x000000008000fa24                syscall
                0x000000008000fac8                register_syscall
 .text          0x000000008000fb20      0x4f0 kernel/time/time.o
                0x000000008000fb20                get_time_string
                0x000000008000fe78                system_time_proc
                0x000000008000ff84                get_time
 .text          0x0000000080010010      0x3a0 utils/utils.o
                0x0000000080010010                kernel_memcpy
                0x0000000080010094                kernel_memset
                0x00000000800100c4                kernel_memset_word
                0x0000000080010124                kernel_strcmp
                0x00000000800101ac                kernel_strcpy
                0x0000000080010208                pow
                0x0000000080010278                kernel_cache
                0x00000000800102cc                kernel_serial_puts
                0x0000000080010328                kernel_serial_putc
                0x0000000080010364                is_bound
 .text          0x00000000800103b0      0x2b0 utils/log.o
                0x00000000800103b0                log_level_adv
                0x00000000800103fc                log_level_rec
                0x0000000080010444                log
                0x00000000800105c8                step
                0x0000000080010628                step_reset
 .text          0x0000000080010660       0x60 utils/assert.o
                0x0000000080010660                assert
 .text          0x00000000800106c0      0xa10 usr/ps.o
                0x00000000800106c0                test_proc
                0x0000000080010734                proc_demo_create
                0x00000000800107e0                ps
                0x00000000800109e4                parse_cmd
 .text          0x00000000800110d0      0x370 usr/ls.o
                0x00000000800110d0                cut_front_blank
                0x000000008001119c                strlen
                0x00000000800111f4                each_param
                0x00000000800112b4                ls
 .text          0x0000000080011440     0x1420 usr/myvi.o
                0x0000000080011440                myvi_init
                0x00000000800114d8                to_lower_case
                0x0000000080011540                mystrcpy
                0x000000008001159c                load_file
                0x000000008001176c                save_file
                0x0000000080011824                insert_key
                0x0000000080011908                delete_key
                0x00000000800119ac                put_char_on_screen
                0x0000000080011a24                screen_flush
                0x0000000080011e4c                get_key
                0x0000000080011e84                page_location_last_line
                0x0000000080011f2c                page_location_next_line
                0x0000000080011fd4                cursor_prev_line
                0x00000000800120b4                cursor_next_line
                0x0000000080012160                do_command_mode
                0x00000000800123d4                do_insert_mode
                0x000000008001251c                do_last_line_mode
                0x0000000080012700                myvi
 .text          0x0000000080012860      0x1d0 usr/exec.o
                0x0000000080012860                exec
 *(.text.*)
 *(.stub)
 *(.gnu.warning)
 *(.gnu.linkonce.t*)
 *(.mips16.fn.*)
 *(.mips16.call.*)
                0x0000000080012a30                _ecode = .

.init
 *(.init)

.fini
 *(.fini)

.rodata         0x0000000080012a30      0xf10
 *(.rodata)
 .rodata        0x0000000080012a30       0x50 arch/mips32/exc.o
 .rodata        0x0000000080012a80       0x30 arch/mips32/arch.o
                0x0000000080012a80                CHAR_VRAM
                0x0000000080012a84                GRAPHIC_VRAM
                0x0000000080012a88                GPIO_SWITCH
                0x0000000080012a8c                GPIO_BUTTON
                0x0000000080012a90                GPIO_SEG
                0x0000000080012a94                GPIO_LED
                0x0000000080012a98                GPIO_PS2_DATA
                0x0000000080012a9c                GPIO_PS2_CTRL
                0x0000000080012aa0                GPIO_UART_DATA
                0x0000000080012aa4                GPIO_UART_CTRL
                0x0000000080012aa8                GPIO_CURSOR
                0x0000000080012aac                VGA_MODE
 .rodata        0x0000000080012ab0      0x100 kernel/init.o
 .rodata        0x0000000080012bb0       0xa0 kernel/mm/bootmm.o
 .rodata        0x0000000080012c50       0x70 kernel/mm/slab.o
 .rodata        0x0000000080012cc0       0xb0 kernel/mm/buddy.o
 .rodata        0x0000000080012d70       0x40 kernel/pc/pc.o
 .rodata        0x0000000080012db0       0x70 kernel/fs/fscache/fscache.o
 .rodata        0x0000000080012e20      0x1e0 kernel/fs/fat/journal.o
 .rodata        0x0000000080013000       0xe0 kernel/fs/fat/recovery.o
 .rodata        0x00000000800130e0      0x2a0 kernel/fs/fat/commit.o
 .rodata        0x0000000080013380       0xf0 kernel/fs/fat/fat.o
 .rodata        0x0000000080013470       0x20 kernel/fs/fat/usr.o
 .rodata        0x0000000080013490       0x50 kernel/driver/sd.o
 .rodata        0x00000000800134e0       0x30 kernel/driver/vga.o
                0x00000000800134e0                VGA_CHAR_MAX_ROW
                0x00000000800134e4                VGA_CHAR_MAX_COL
                0x00000000800134e8                VGA_CHAR_ROW
                0x00000000800134ec                VGA_CHAR_COL
 .rodata        0x0000000080013510       0x10 kernel/driver/ps2.o
 .rodata        0x0000000080013520       0x40 kernel/time/time.o
 .rodata        0x0000000080013560       0x80 utils/log.o
 .rodata        0x00000000800135e0       0x20 utils/assert.o
 .rodata        0x0000000080013600      0x1e0 usr/ps.o
 .rodata        0x00000000800137e0       0x40 usr/ls.o
 .rodata        0x0000000080013820      0x100 usr/myvi.o
 .rodata        0x0000000080013920       0x20 usr/exec.o
                0x0000000080013920                CACHE_BLOCK_SIZE
 *(.rodata.*)
 *(.gnu.linkonce.r*)

.MIPS.abiflags  0x0000000080013940       0x18
 .MIPS.abiflags
                0x0000000080013940       0x18 arch/mips32/start.o

.rodata1
 *(.rodata1)

.sdata2
 *(.sdata2)

.sbss2
 *(.sbss2)

.sdeinit
 *(.sdeinit)

.sdefini
 *(.sdefini)

.eh_frame
 *(.eh_frame)

.gcc_except_table
 *(.gcc_except_table)

.ctors
 *crt0.o(.ctors)
 *crtbegin.o(.ctors)
 *crtbeginS.o(.ctors)
 *(EXCLUDE_FILE(*crtn.o *crtendS.o *crtend.o) .ctors)
 *(SORT(.ctors.*))
 *(.ctors)

.dtors
 *crt0.o(.dtors)
 *crtbegin.o(.dtors)
 *crtbeginS.o(.dtors)
 *(EXCLUDE_FILE(*crtn.o *crtendS.o *crtend.o) .dtors)
 *(SORT(.dtors.*))
 *(.dtors)

.dynamic
 *(.dynamic)

.dynsym
 *(.dynsym)

.hash
 *(.hash)

.dynstr
 *(.dynstr)
                0x0000000080013958                __etext = .
                0x0000000080013958                _etext = .
                [!provide]                        PROVIDE (etext, .)
                0x0000000080013958                . = ALIGN (0x8)

.data           0x0000000080013960      0x170
                0x0000000080013960                _fdata = .
 *(.data)
 .data          0x0000000080013960        0x0 arch/mips32/start.o
 .data          0x0000000080013960        0x0 arch/mips32/intr.o
 .data          0x0000000080013960        0x0 arch/mips32/page.o
 .data          0x0000000080013960        0x0 arch/mips32/exc.o
 .data          0x0000000080013960       0x10 arch/mips32/arch.o
                0x0000000080013960                kernel_sp
 .data          0x0000000080013970        0x0 kernel/init.o
 .data          0x0000000080013970       0x20 kernel/mm/bootmm.o
                0x0000000080013970                mem_msg
 .data          0x0000000080013990       0x30 kernel/mm/slab.o
 .data          0x00000000800139c0        0x0 kernel/mm/buddy.o
 .data          0x00000000800139c0        0x0 kernel/pc/pc.o
 .data          0x00000000800139c0        0x0 kernel/lock/lock.o
 .data          0x00000000800139c0        0x0 kernel/fs/fscache/fscache.o
 .data          0x00000000800139c0        0x0 kernel/fs/fat/journal.o
 .data          0x00000000800139c0        0x0 kernel/fs/fat/utils.o
 .data          0x00000000800139c0        0x0 kernel/fs/fat/recovery.o
 .data          0x00000000800139c0        0x0 kernel/fs/fat/commit.o
 .data          0x00000000800139c0        0x0 kernel/fs/fat/revoke.o
 .data          0x00000000800139c0        0x0 kernel/fs/fat/fat.o
 .data          0x00000000800139c0        0x0 kernel/fs/fat/usr.o
 .data          0x00000000800139c0        0x0 kernel/fs/fat/debug.o
 .data          0x00000000800139c0        0x0 kernel/fs/fat/dir.o
 .data          0x00000000800139c0        0x0 kernel/driver/sd.o
 .data          0x00000000800139c0       0x10 kernel/driver/vga.o
                0x00000000800139c0                cursor_freq
 .data          0x00000000800139d0      0x100 kernel/driver/ps2.o
                0x00000000800139d0                scantoascii_uppercase
                0x0000000080013a50                scantoascii_lowercase
 .data          0x0000000080013ad0        0x0 kernel/syscall/syscall4.o
 .data          0x0000000080013ad0        0x0 kernel/syscall/syscall.o
 .data          0x0000000080013ad0        0x0 kernel/time/time.o
 .data          0x0000000080013ad0        0x0 utils/utils.o
 .data          0x0000000080013ad0        0x0 utils/log.o
 .data          0x0000000080013ad0        0x0 utils/assert.o
 .data          0x0000000080013ad0        0x0 usr/ps.o
 .data          0x0000000080013ad0        0x0 usr/ls.o
 .data          0x0000000080013ad0        0x0 usr/myvi.o
 .data          0x0000000080013ad0        0x0 usr/exec.o
 *(.data.*)
 *(.gnu.linkonce.d*)

.data1
 *(.data1)
                0x000000008001bac0                _gp = (ALIGN (0x10) + 0x7ff0)

.got
 *(.got.plt)
 *(.got)

.sdata
 *(.sdata)
 *(.sdata1)
 *(.sdata.*)
 *(.gnu.linkonce.s.*)

.lit8
 *(.lit8)

.lit4
 *(.lit4)
                0x0000000080013ad0                . = ALIGN (0x8)
                0x0000000080013ad0                _edata = .
                [!provide]                        PROVIDE (edata, .)
                0x0000000080013ad0                __bss_start = .
                [!provide]                        PROVIDE (__edata, .)
                0x0000000080013ad0                _fbss = .

.sbss           0x0000000080013ad0       0x5c
                0x0000000080013ad0                __sbss_start = .
                0x0000000080013ad0                ___sbss_start = .
 *(.dynsbss)
 *(.sbss)
 .sbss          0x0000000080013ad0       0x14 kernel/driver/ps2.o
 .sbss          0x0000000080013ae4        0x4 utils/log.o
 *(.sbss.*)
 *(.scommon)
 .scommon       0x0000000080013ae8        0x4 kernel/init.o
                0x0000000080013ae8                journal
 .scommon       0x0000000080013aec        0x8 kernel/mm/bootmm.o
                0x0000000080013aec                firstusercode_start
                0x0000000080013af0                firstusercode_len
 .scommon       0x0000000080013af4        0xc kernel/mm/buddy.o
                0x0000000080013af4                kernel_start_pfn
                0x0000000080013af8                kernel_end_pfn
                0x0000000080013afc                pages
 .scommon       0x0000000080013b00        0x4 kernel/pc/pc.o
                0x0000000080013b00                curr_proc
 .scommon       0x0000000080013b04        0x0 kernel/fs/fscache/fscache.o
 .scommon       0x0000000080013b04        0x0 kernel/fs/fat/journal.o
 .scommon       0x0000000080013b04        0x0 kernel/fs/fat/utils.o
 .scommon       0x0000000080013b04        0x0 kernel/fs/fat/recovery.o
 .scommon       0x0000000080013b04        0x0 kernel/fs/fat/commit.o
 .scommon       0x0000000080013b04        0x0 kernel/fs/fat/revoke.o
 .scommon       0x0000000080013b04        0x0 kernel/fs/fat/fat.o
 .scommon       0x0000000080013b04        0x0 kernel/fs/fat/usr.o
 .scommon       0x0000000080013b04        0x0 kernel/fs/fat/dir.o
 .scommon       0x0000000080013b04        0x8 kernel/driver/vga.o
                0x0000000080013b04                cursor_col
                0x0000000080013b08                cursor_row
 .scommon       0x0000000080013b0c        0x4 usr/ps.o
                0x0000000080013b0c                ps_buffer_index
 .scommon       0x0000000080013b10        0x0 usr/ls.o
 .scommon       0x0000000080013b10       0x1c usr/myvi.o
                0x0000000080013b10                cursor_location
                0x0000000080013b14                is_new_file
                0x0000000080013b18                page_end
                0x0000000080013b1c                filename
                0x0000000080013b20                mode
                0x0000000080013b24                err
                0x0000000080013b28                pre_cursor_freq
 .scommon       0x0000000080013b2c        0x0 usr/exec.o
                0x0000000080013b2c                __sbss_end = .
                0x0000000080013b2c                ___sbss_end = .

.bss            0x0000000080013b30    0x1840c
 *(.dynbss)
 *(.bss)
 .bss           0x0000000080013b30        0x0 arch/mips32/start.o
 .bss           0x0000000080013b30        0x0 arch/mips32/intr.o
 .bss           0x0000000080013b30        0x0 arch/mips32/page.o
 .bss           0x0000000080013b30        0x0 arch/mips32/exc.o
 .bss           0x0000000080013b30        0x0 arch/mips32/arch.o
 .bss           0x0000000080013b30        0x0 kernel/init.o
 .bss           0x0000000080013b30        0x0 kernel/mm/bootmm.o
 .bss           0x0000000080013b30        0x0 kernel/mm/slab.o
 .bss           0x0000000080013b30        0x0 kernel/mm/buddy.o
 .bss           0x0000000080013b30        0x0 kernel/pc/pc.o
 .bss           0x0000000080013b30        0x0 kernel/lock/lock.o
 .bss           0x0000000080013b30        0x0 kernel/fs/fscache/fscache.o
 .bss           0x0000000080013b30        0x0 kernel/fs/fat/journal.o
 .bss           0x0000000080013b30        0x0 kernel/fs/fat/utils.o
 .bss           0x0000000080013b30        0x0 kernel/fs/fat/recovery.o
 .bss           0x0000000080013b30        0x0 kernel/fs/fat/commit.o
 .bss           0x0000000080013b30        0x0 kernel/fs/fat/revoke.o
 .bss           0x0000000080013b30       0x10 kernel/fs/fat/fat.o
                0x0000000080013b30                fat_clock_head
                0x0000000080013b34                dir_data_clock_head
 .bss           0x0000000080013b40        0x0 kernel/fs/fat/usr.o
 .bss           0x0000000080013b40        0x0 kernel/fs/fat/debug.o
 .bss           0x0000000080013b40        0x0 kernel/fs/fat/dir.o
 .bss           0x0000000080013b40        0x0 kernel/driver/sd.o
 .bss           0x0000000080013b40        0x0 kernel/driver/vga.o
 .bss           0x0000000080013b40      0x100 kernel/driver/ps2.o
 .bss           0x0000000080013c40        0x0 kernel/syscall/syscall4.o
 .bss           0x0000000080013c40        0x0 kernel/syscall/syscall.o
 .bss           0x0000000080013c40        0x0 kernel/time/time.o
 .bss           0x0000000080013c40        0x0 utils/utils.o
 .bss           0x0000000080013c40       0x10 utils/log.o
                0x0000000080013c40                gstep
 .bss           0x0000000080013c50        0x0 utils/assert.o
 .bss           0x0000000080013c50        0x0 usr/ps.o
 .bss           0x0000000080013c50        0x0 usr/ls.o
 .bss           0x0000000080013c50       0x60 usr/myvi.o
                0x0000000080013c50                instruction
                0x0000000080013ca0                inst_len
                0x0000000080013ca4                size
                0x0000000080013ca8                page_location
 .bss           0x0000000080013cb0        0x0 usr/exec.o
 *(.bss.*)
 *(COMMON)
 COMMON         0x0000000080013cb0       0x20 arch/mips32/intr.o
                0x0000000080013cb0                interrupts
 COMMON         0x0000000080013cd0       0x80 arch/mips32/exc.o
                0x0000000080013cd0                exceptions
 COMMON         0x0000000080013d50      0x418 kernel/init.o
                0x0000000080013d50                fat_info
 COMMON         0x0000000080014168     0x8090 kernel/mm/bootmm.o
                0x0000000080014168                bootmmmap
                0x000000008001c168                bmm
 COMMON         0x000000008001c1f8      0x270 kernel/mm/slab.o
                0x000000008001c1f8                kmalloc_caches
 COMMON         0x000000008001c468       0x54 kernel/mm/buddy.o
                0x000000008001c468                buddy
 COMMON         0x000000008001c4bc      0x560 kernel/pc/pc.o
                0x000000008001c4bc                pcb
 COMMON         0x000000008001ca1c     0x1c70 kernel/fs/fat/fat.o
                0x000000008001ca1c                dir_data_buf
                0x000000008001d25c                filename11
                0x000000008001d26c                new_alloc_empty
                0x000000008001e26c                fat_buf
 COMMON         0x000000008001e68c     0x4190 kernel/fs/fat/usr.o
                0x000000008001e68c                file_create
                0x00000000800227fc                mk_dir_buf
 COMMON         0x000000008002281c     0x4170 kernel/fs/fat/dir.o
                0x000000008002281c                dir_find
 COMMON         0x000000008002698c      0x400 kernel/syscall/syscall.o
                0x000000008002698c                syscalls
 COMMON         0x0000000080026d8c       0x40 usr/ps.o
                0x0000000080026d8c                ps_buffer
 COMMON         0x0000000080026dcc     0x5170 usr/myvi.o
                0x0000000080026dcc                file
                0x000000008002af3c                buffer
                0x000000008002bf3c                . = ALIGN (0x4)
                0x000000008002bf3c                . = ALIGN (0x4)
                0x000000008002bf3c                _end = .
                [!provide]                        PROVIDE (__end, .)
                [!provide]                        PROVIDE (end, .)

.stab
 *(.stab)

.stabstr
 *(.stabstr)

.stab.excl
 *(.stab.excl)

.stab.exclstr
 *(.stab.exclstr)

.stab.index
 *(.stab.index)

.stab.indexstr
 *(.stab.indexstr)

.comment        0x0000000000000000       0x3f
 *(.comment)
 .comment       0x0000000000000000       0x3f arch/mips32/intr.o
                                         0x40 (size before relaxing)
 .comment       0x000000000000003f       0x40 arch/mips32/page.o
 .comment       0x000000000000003f       0x40 arch/mips32/exc.o
 .comment       0x000000000000003f       0x40 arch/mips32/arch.o
 .comment       0x000000000000003f       0x40 kernel/init.o
 .comment       0x000000000000003f       0x40 kernel/mm/bootmm.o
 .comment       0x000000000000003f       0x40 kernel/mm/slab.o
 .comment       0x000000000000003f       0x40 kernel/mm/buddy.o
 .comment       0x000000000000003f       0x40 kernel/pc/pc.o
 .comment       0x000000000000003f       0x40 kernel/lock/lock.o
 .comment       0x000000000000003f       0x40 kernel/fs/fscache/fscache.o
 .comment       0x000000000000003f       0x40 kernel/fs/fat/journal.o
 .comment       0x000000000000003f       0x40 kernel/fs/fat/utils.o
 .comment       0x000000000000003f       0x40 kernel/fs/fat/recovery.o
 .comment       0x000000000000003f       0x40 kernel/fs/fat/commit.o
 .comment       0x000000000000003f       0x40 kernel/fs/fat/revoke.o
 .comment       0x000000000000003f       0x40 kernel/fs/fat/fat.o
 .comment       0x000000000000003f       0x40 kernel/fs/fat/usr.o
 .comment       0x000000000000003f       0x40 kernel/fs/fat/debug.o
 .comment       0x000000000000003f       0x40 kernel/fs/fat/dir.o
 .comment       0x000000000000003f       0x40 kernel/driver/sd.o
 .comment       0x000000000000003f       0x40 kernel/driver/vga.o
 .comment       0x000000000000003f       0x40 kernel/driver/ps2.o
 .comment       0x000000000000003f       0x40 kernel/syscall/syscall4.o
 .comment       0x000000000000003f       0x40 kernel/syscall/syscall.o
 .comment       0x000000000000003f       0x40 kernel/time/time.o
 .comment       0x000000000000003f       0x40 utils/utils.o
 .comment       0x000000000000003f       0x40 utils/log.o
 .comment       0x000000000000003f       0x40 utils/assert.o
 .comment       0x000000000000003f       0x40 usr/ps.o
 .comment       0x000000000000003f       0x40 usr/ls.o
 .comment       0x000000000000003f       0x40 usr/myvi.o
 .comment       0x000000000000003f       0x40 usr/exec.o

.gnu.attributes
                0x0000000000000000       0x10
 .gnu.attributes
                0x0000000000000000       0x10 arch/mips32/start.o
 .gnu.attributes
                0x0000000000000010       0x10 arch/mips32/intr.o
 .gnu.attributes
                0x0000000000000020       0x10 arch/mips32/page.o
 .gnu.attributes
                0x0000000000000030       0x10 arch/mips32/exc.o
 .gnu.attributes
                0x0000000000000040       0x10 arch/mips32/arch.o
 .gnu.attributes
                0x0000000000000050       0x10 kernel/init.o
 .gnu.attributes
                0x0000000000000060       0x10 kernel/mm/bootmm.o
 .gnu.attributes
                0x0000000000000070       0x10 kernel/mm/slab.o
 .gnu.attributes
                0x0000000000000080       0x10 kernel/mm/buddy.o
 .gnu.attributes
                0x0000000000000090       0x10 kernel/pc/pc.o
 .gnu.attributes
                0x00000000000000a0       0x10 kernel/lock/lock.o
 .gnu.attributes
                0x00000000000000b0       0x10 kernel/fs/fscache/fscache.o
 .gnu.attributes
                0x00000000000000c0       0x10 kernel/fs/fat/journal.o
 .gnu.attributes
                0x00000000000000d0       0x10 kernel/fs/fat/utils.o
 .gnu.attributes
                0x00000000000000e0       0x10 kernel/fs/fat/recovery.o
 .gnu.attributes
                0x00000000000000f0       0x10 kernel/fs/fat/commit.o
 .gnu.attributes
                0x0000000000000100       0x10 kernel/fs/fat/revoke.o
 .gnu.attributes
                0x0000000000000110       0x10 kernel/fs/fat/fat.o
 .gnu.attributes
                0x0000000000000120       0x10 kernel/fs/fat/usr.o
 .gnu.attributes
                0x0000000000000130       0x10 kernel/fs/fat/debug.o
 .gnu.attributes
                0x0000000000000140       0x10 kernel/fs/fat/dir.o
 .gnu.attributes
                0x0000000000000150       0x10 kernel/driver/sd.o
 .gnu.attributes
                0x0000000000000160       0x10 kernel/driver/vga.o
 .gnu.attributes
                0x0000000000000170       0x10 kernel/driver/ps2.o
 .gnu.attributes
                0x0000000000000180       0x10 kernel/syscall/syscall4.o
 .gnu.attributes
                0x0000000000000190       0x10 kernel/syscall/syscall.o
 .gnu.attributes
                0x00000000000001a0       0x10 kernel/time/time.o
 .gnu.attributes
                0x00000000000001b0       0x10 utils/utils.o
 .gnu.attributes
                0x00000000000001c0       0x10 utils/log.o
 .gnu.attributes
                0x00000000000001d0       0x10 utils/assert.o
 .gnu.attributes
                0x00000000000001e0       0x10 usr/ps.o
 .gnu.attributes
                0x00000000000001f0       0x10 usr/ls.o
 .gnu.attributes
                0x0000000000000200       0x10 usr/myvi.o
 .gnu.attributes
                0x0000000000000210       0x10 usr/exec.o

.mdebug.abi32   0x0000000000000000        0x0
 .mdebug.abi32  0x0000000000000000        0x0 arch/mips32/intr.o
 .mdebug.abi32  0x0000000000000000        0x0 arch/mips32/page.o
 .mdebug.abi32  0x0000000000000000        0x0 arch/mips32/exc.o
 .mdebug.abi32  0x0000000000000000        0x0 arch/mips32/arch.o
 .mdebug.abi32  0x0000000000000000        0x0 kernel/init.o
 .mdebug.abi32  0x0000000000000000        0x0 kernel/mm/bootmm.o
 .mdebug.abi32  0x0000000000000000        0x0 kernel/mm/slab.o
 .mdebug.abi32  0x0000000000000000        0x0 kernel/mm/buddy.o
 .mdebug.abi32  0x0000000000000000        0x0 kernel/pc/pc.o
 .mdebug.abi32  0x0000000000000000        0x0 kernel/lock/lock.o
 .mdebug.abi32  0x0000000000000000        0x0 kernel/fs/fscache/fscache.o
 .mdebug.abi32  0x0000000000000000        0x0 kernel/fs/fat/journal.o
 .mdebug.abi32  0x0000000000000000        0x0 kernel/fs/fat/utils.o
 .mdebug.abi32  0x0000000000000000        0x0 kernel/fs/fat/recovery.o
 .mdebug.abi32  0x0000000000000000        0x0 kernel/fs/fat/commit.o
 .mdebug.abi32  0x0000000000000000        0x0 kernel/fs/fat/revoke.o
 .mdebug.abi32  0x0000000000000000        0x0 kernel/fs/fat/fat.o
 .mdebug.abi32  0x0000000000000000        0x0 kernel/fs/fat/usr.o
 .mdebug.abi32  0x0000000000000000        0x0 kernel/fs/fat/debug.o
 .mdebug.abi32  0x0000000000000000        0x0 kernel/fs/fat/dir.o
 .mdebug.abi32  0x0000000000000000        0x0 kernel/driver/sd.o
 .mdebug.abi32  0x0000000000000000        0x0 kernel/driver/vga.o
 .mdebug.abi32  0x0000000000000000        0x0 kernel/driver/ps2.o
 .mdebug.abi32  0x0000000000000000        0x0 kernel/syscall/syscall4.o
 .mdebug.abi32  0x0000000000000000        0x0 kernel/syscall/syscall.o
 .mdebug.abi32  0x0000000000000000        0x0 kernel/time/time.o
 .mdebug.abi32  0x0000000000000000        0x0 utils/utils.o
 .mdebug.abi32  0x0000000000000000        0x0 utils/log.o
 .mdebug.abi32  0x0000000000000000        0x0 utils/assert.o
 .mdebug.abi32  0x0000000000000000        0x0 usr/ps.o
 .mdebug.abi32  0x0000000000000000        0x0 usr/ls.o
 .mdebug.abi32  0x0000000000000000        0x0 usr/myvi.o
 .mdebug.abi32  0x0000000000000000        0x0 usr/exec.o

.debug
 *(.debug)

.line
 *(.line)

.debug_srcinfo
 *(.debug_srcinfo)

.debug_sfnames
 *(.debug_sfnames)

.debug_aranges
 *(.debug_aranges)

.debug_pubnames
 *(.debug_pubnames)

.debug_info
 *(.debug_info)

.debug_abbrev
 *(.debug_abbrev)

.debug_line
 *(.debug_line)

.debug_frame
 *(.debug_frame)

.debug_str
 *(.debug_str)

.debug_loc
 *(.debug_loc)

.debug_macinfo
 *(.debug_macinfo)

.debug_weaknames
 *(.debug_weaknames)

.debug_funcnames
 *(.debug_funcnames)

.debug_typenames
 *(.debug_typenames)

.debug_varnames
 *(.debug_varnames)

/DISCARD/
 *(.reginfo)

.gptab.sdata
 *(.gptab.data)
 *(.gptab.sdata)

.gptab.sbss
 *(.gptab.bss)
 *(.gptab.sbss)

.pdr            0x0000000000000000     0x1c80
 *(.pdr)
 .pdr           0x0000000000000000        0x0 arch/mips32/start.o
 .pdr           0x0000000000000000       0xa0 arch/mips32/intr.o
 .pdr           0x00000000000000a0       0x20 arch/mips32/page.o
 .pdr           0x00000000000000c0       0x60 arch/mips32/exc.o
 .pdr           0x0000000000000120       0x20 arch/mips32/arch.o
 .pdr           0x0000000000000140       0x60 kernel/init.o
 .pdr           0x00000000000001a0      0x120 kernel/mm/bootmm.o
 .pdr           0x00000000000002c0      0x220 kernel/mm/slab.o
 .pdr           0x00000000000004e0      0x1a0 kernel/mm/buddy.o
 .pdr           0x0000000000000680      0x120 kernel/pc/pc.o
 .pdr           0x00000000000007a0       0x80 kernel/lock/lock.o
 .pdr           0x0000000000000820      0x100 kernel/fs/fscache/fscache.o
 .pdr           0x0000000000000920      0x180 kernel/fs/fat/journal.o
 .pdr           0x0000000000000aa0      0x1e0 kernel/fs/fat/utils.o
 .pdr           0x0000000000000c80      0x120 kernel/fs/fat/recovery.o
 .pdr           0x0000000000000da0       0xc0 kernel/fs/fat/commit.o
 .pdr           0x0000000000000e60      0x1a0 kernel/fs/fat/revoke.o
 .pdr           0x0000000000001000      0x2a0 kernel/fs/fat/fat.o
 .pdr           0x00000000000012a0       0x80 kernel/fs/fat/usr.o
 .pdr           0x0000000000001320        0x0 kernel/fs/fat/debug.o
 .pdr           0x0000000000001320       0x40 kernel/fs/fat/dir.o
 .pdr           0x0000000000001360       0xa0 kernel/driver/sd.o
 .pdr           0x0000000000001400      0x160 kernel/driver/vga.o
 .pdr           0x0000000000001560       0xe0 kernel/driver/ps2.o
 .pdr           0x0000000000001640       0x20 kernel/syscall/syscall4.o
 .pdr           0x0000000000001660       0x60 kernel/syscall/syscall.o
 .pdr           0x00000000000016c0       0x60 kernel/time/time.o
 .pdr           0x0000000000001720      0x140 utils/utils.o
 .pdr           0x0000000000001860       0xa0 utils/log.o
 .pdr           0x0000000000001900       0x20 utils/assert.o
 .pdr           0x0000000000001920       0x80 usr/ps.o
 .pdr           0x00000000000019a0       0x80 usr/ls.o
 .pdr           0x0000000000001a20      0x240 usr/myvi.o
 .pdr           0x0000000000001c60       0x20 usr/exec.o
LOAD arch/mips32/start.o
LOAD arch/mips32/intr.o
LOAD arch/mips32/page.o
LOAD arch/mips32/exc.o
LOAD arch/mips32/arch.o
LOAD kernel/init.o
LOAD kernel/mm/bootmm.o
LOAD kernel/mm/slab.o
LOAD kernel/mm/buddy.o
LOAD kernel/pc/pc.o
LOAD kernel/lock/lock.o
LOAD kernel/fs/fscache/fscache.o
LOAD kernel/fs/fat/journal.o
LOAD kernel/fs/fat/utils.o
LOAD kernel/fs/fat/recovery.o
LOAD kernel/fs/fat/commit.o
LOAD kernel/fs/fat/revoke.o
LOAD kernel/fs/fat/fat.o
LOAD kernel/fs/fat/usr.o
LOAD kernel/fs/fat/debug.o
LOAD kernel/fs/fat/dir.o
LOAD kernel/driver/sd.o
LOAD kernel/driver/vga.o
LOAD kernel/driver/ps2.o
LOAD kernel/syscall/syscall4.o
LOAD kernel/syscall/syscall.o
LOAD kernel/time/time.o
LOAD utils/utils.o
LOAD utils/log.o
LOAD utils/assert.o
LOAD usr/ps.o
LOAD usr/ls.o
LOAD usr/myvi.o
LOAD usr/exec.o
OUTPUT(kernel.elf elf32-tradlittlemips)
