
Allocating common symbols
Common symbol       size              file

interrupts          0x20              arch/mips32/intr.o
kernel_start_pfn    0x4               kernel/mm/buddy.o
dir_data_buf        0x840             kernel/fs/fat/fat.o
cursor_col          0x4               kernel/driver/vga.o
cursor_location     0x4               usr/myvi.o
bootmmmap           0x8000            kernel/mm/bootmm.o
fat_info            0x418             kernel/init.o
file_create         0x4170            kernel/fs/fat/usr.o
curr_proc           0x4               kernel/pc/pc.o
is_new_file         0x4               usr/myvi.o
syscalls            0x400             kernel/syscall/syscall.o
bmm                 0x90              kernel/mm/bootmm.o
cursor_row          0x4               kernel/driver/vga.o
page_end            0x4               usr/myvi.o
filename            0x4               usr/myvi.o
ps_buffer_index     0x4               usr/ps.o
file                0x4170            usr/myvi.o
firstusercode_start
                    0x4               kernel/mm/bootmm.o
filename11          0xd               kernel/fs/fat/fat.o
mode                0x4               usr/myvi.o
buffer              0x1000            usr/myvi.o
mk_dir_buf          0x20              kernel/fs/fat/usr.o
err                 0x4               usr/myvi.o
new_alloc_empty     0x1000            kernel/fs/fat/fat.o
journal             0x4               kernel/init.o
pre_cursor_freq     0x4               usr/myvi.o
pcb                 0x560             kernel/pc/pc.o
exceptions          0x80              arch/mips32/exc.o
kernel_end_pfn      0x4               kernel/mm/buddy.o
buddy               0x54              kernel/mm/buddy.o
firstusercode_len   0x4               kernel/mm/bootmm.o
dir_find            0x4170            kernel/fs/fat/dir.o
fat_buf             0x420             kernel/fs/fat/fat.o
pages               0x4               kernel/mm/buddy.o
kmalloc_caches      0x270             kernel/mm/slab.o
ps_buffer           0x40              usr/ps.o

Discarded input sections

 .reginfo       0x0000000000000000       0x18 arch/mips32/start.o
 .reginfo       0x0000000000000000       0x18 arch/mips32/intr.o
 .MIPS.abiflags
                0x0000000000000000       0x18 arch/mips32/intr.o
 .reginfo       0x0000000000000000       0x18 arch/mips32/page.o
 .MIPS.abiflags
                0x0000000000000000       0x18 arch/mips32/page.o
 .reginfo       0x0000000000000000       0x18 arch/mips32/exc.o
 .MIPS.abiflags
                0x0000000000000000       0x18 arch/mips32/exc.o
 .reginfo       0x0000000000000000       0x18 arch/mips32/arch.o
 .MIPS.abiflags
                0x0000000000000000       0x18 arch/mips32/arch.o
 .reginfo       0x0000000000000000       0x18 kernel/init.o
 .MIPS.abiflags
                0x0000000000000000       0x18 kernel/init.o
 .reginfo       0x0000000000000000       0x18 kernel/mm/bootmm.o
 .MIPS.abiflags
                0x0000000000000000       0x18 kernel/mm/bootmm.o
 .reginfo       0x0000000000000000       0x18 kernel/mm/slab.o
 .MIPS.abiflags
                0x0000000000000000       0x18 kernel/mm/slab.o
 .reginfo       0x0000000000000000       0x18 kernel/mm/buddy.o
 .MIPS.abiflags
                0x0000000000000000       0x18 kernel/mm/buddy.o
 .reginfo       0x0000000000000000       0x18 kernel/pc/pc.o
 .MIPS.abiflags
                0x0000000000000000       0x18 kernel/pc/pc.o
 .reginfo       0x0000000000000000       0x18 kernel/lock/lock.o
 .MIPS.abiflags
                0x0000000000000000       0x18 kernel/lock/lock.o
 .reginfo       0x0000000000000000       0x18 kernel/fs/fscache/fscache.o
 .MIPS.abiflags
                0x0000000000000000       0x18 kernel/fs/fscache/fscache.o
 .reginfo       0x0000000000000000       0x18 kernel/fs/fat/journal.o
 .MIPS.abiflags
                0x0000000000000000       0x18 kernel/fs/fat/journal.o
 .reginfo       0x0000000000000000       0x18 kernel/fs/fat/utils.o
 .MIPS.abiflags
                0x0000000000000000       0x18 kernel/fs/fat/utils.o
 .reginfo       0x0000000000000000       0x18 kernel/fs/fat/recovery.o
 .MIPS.abiflags
                0x0000000000000000       0x18 kernel/fs/fat/recovery.o
 .reginfo       0x0000000000000000       0x18 kernel/fs/fat/commit.o
 .MIPS.abiflags
                0x0000000000000000       0x18 kernel/fs/fat/commit.o
 .reginfo       0x0000000000000000       0x18 kernel/fs/fat/revoke.o
 .MIPS.abiflags
                0x0000000000000000       0x18 kernel/fs/fat/revoke.o
 .reginfo       0x0000000000000000       0x18 kernel/fs/fat/fat.o
 .MIPS.abiflags
                0x0000000000000000       0x18 kernel/fs/fat/fat.o
 .reginfo       0x0000000000000000       0x18 kernel/fs/fat/usr.o
 .MIPS.abiflags
                0x0000000000000000       0x18 kernel/fs/fat/usr.o
 .reginfo       0x0000000000000000       0x18 kernel/fs/fat/debug.o
 .MIPS.abiflags
                0x0000000000000000       0x18 kernel/fs/fat/debug.o
 .reginfo       0x0000000000000000       0x18 kernel/fs/fat/dir.o
 .MIPS.abiflags
                0x0000000000000000       0x18 kernel/fs/fat/dir.o
 .reginfo       0x0000000000000000       0x18 kernel/driver/sd.o
 .MIPS.abiflags
                0x0000000000000000       0x18 kernel/driver/sd.o
 .reginfo       0x0000000000000000       0x18 kernel/driver/vga.o
 .MIPS.abiflags
                0x0000000000000000       0x18 kernel/driver/vga.o
 .reginfo       0x0000000000000000       0x18 kernel/driver/ps2.o
 .MIPS.abiflags
                0x0000000000000000       0x18 kernel/driver/ps2.o
 .reginfo       0x0000000000000000       0x18 kernel/syscall/syscall4.o
 .MIPS.abiflags
                0x0000000000000000       0x18 kernel/syscall/syscall4.o
 .reginfo       0x0000000000000000       0x18 kernel/syscall/syscall.o
 .MIPS.abiflags
                0x0000000000000000       0x18 kernel/syscall/syscall.o
 .reginfo       0x0000000000000000       0x18 kernel/time/time.o
 .MIPS.abiflags
                0x0000000000000000       0x18 kernel/time/time.o
 .reginfo       0x0000000000000000       0x18 utils/utils.o
 .MIPS.abiflags
                0x0000000000000000       0x18 utils/utils.o
 .reginfo       0x0000000000000000       0x18 utils/log.o
 .MIPS.abiflags
                0x0000000000000000       0x18 utils/log.o
 .reginfo       0x0000000000000000       0x18 utils/assert.o
 .MIPS.abiflags
                0x0000000000000000       0x18 utils/assert.o
 .reginfo       0x0000000000000000       0x18 usr/ps.o
 .MIPS.abiflags
                0x0000000000000000       0x18 usr/ps.o
 .reginfo       0x0000000000000000       0x18 usr/ls.o
 .MIPS.abiflags
                0x0000000000000000       0x18 usr/ls.o
 .reginfo       0x0000000000000000       0x18 usr/myvi.o
 .MIPS.abiflags
                0x0000000000000000       0x18 usr/myvi.o
 .reginfo       0x0000000000000000       0x18 usr/exec.o
 .MIPS.abiflags
                0x0000000000000000       0x18 usr/exec.o

Memory Configuration

Name             Origin             Length             Attributes
*default*        0x0000000000000000 0xffffffffffffffff

Linker script and memory map

                0x0000000080020000                . = 0x80020000

.interp
 *(.interp)

.gnu.version
 *(.gnu.version)

.gnu.version_d
 *(.gnu.version_d)

.gnu.version_r
 *(.gnu.version_r)

.rel.init
 *(.rel.init)

.rela.init
 *(.rela.init)

.rel.text
 *(.rel.text)
 *(.rel.text.*)
 *(.rel.gnu.linkonce.t*)

.rela.text
 *(.rela.text)
 *(.rela.text.*)
 *(.rela.gnu.linkonce.t*)

.rel.fini
 *(.rel.fini)

.rela.fini
 *(.rela.fini)

.rel.rodata
 *(.rel.rodata)
 *(.rel.rodata.*)
 *(.rel.gnu.linkonce.r*)

.rela.rodata
 *(.rela.rodata)
 *(.rela.rodata.*)
 *(.rela.gnu.linkonce.r*)

.rel.data
 *(.rel.data)
 *(.rel.data.*)
 *(.rel.gnu.linkonce.d*)

.rela.data
 *(.rela.data)
 *(.rela.data.*)
 *(.rela.gnu.linkonce.d*)

.rel.ctors
 *(.rel.ctors)

.rela.ctors
 *(.rela.ctors)

.rel.dtors
 *(.rel.dtors)

.rela.dtors
 *(.rela.dtors)

.rel.got
 *(.rel.got)

.rela.got
 *(.rela.got)

.rel.sdata
 *(.rel.sdata)
 *(.rel.sdata1)
 *(.rel.sdata.*)
 *(.rel.gnu.linkonce.s*)

.rela.sdata
 *(.rela.sdata)
 *(.rela.sdata1)
 *(.rela.sdata.*)
 *(.rela.gnu.linkonce.s*)

.rel.sbss
 *(.rel.sbss)

.rela.sbss
 *(.rela.sbss)

.rel.sdata2
 *(.rel.sdata2)

.rela.sdata2
 *(.rela.sdata2)

.rel.sbss2
 *(.rel.sbss2)

.rela.sbss2
 *(.rela.sbss2)

.rel.bss
 *(.rel.bss)

.rela.bss
 *(.rela.bss)

.rel.plt
 *(.rel.plt)

.rela.plt
 *(.rela.plt)

.plt
 *(.plt)
                0x0000000080000000                . = 0x80000000

.text           0x0000000080000000    0x12eb0
                0x0000000080000000                _ftext = .
 *(.text)
 .text          0x0000000080000000     0x1020 arch/mips32/start.o
                0x0000000080000000                exception
                0x0000000080001000                start
 .text          0x0000000080001020      0x200 arch/mips32/intr.o
                0x0000000080001020                init_interrupts
                0x0000000080001058                enable_interrupts
                0x0000000080001094                disable_interrupts
                0x00000000800010d4                do_interrupts
                0x00000000800011a8                register_interrupt_handler
 .text          0x0000000080001220       0x60 arch/mips32/page.o
                0x0000000080001220                init_pgtable
 .text          0x0000000080001280      0x1a0 arch/mips32/exc.o
                0x0000000080001280                do_exceptions
                0x0000000080001394                register_exception_handler
                0x00000000800013e8                init_exception
 .text          0x0000000080001420       0x30 arch/mips32/arch.o
                0x0000000080001420                get_phymm_size
 .text          0x0000000080001450      0x320 kernel/init.o
                0x0000000080001450                machine_info
                0x00000000800014f0                create_startup_process
                0x00000000800015c0                init_kernel
 .text          0x0000000080001770      0xc50 kernel/mm/bootmm.o
                0x0000000080001770                set_mminfo
                0x00000000800017c8                insert_mminfo
                0x0000000080001ae8                split_mminfo
                0x0000000080001cb4                remove_mminfo
                0x0000000080001dbc                init_bootmm
                0x0000000080001f10                set_maps
                0x0000000080001f8c                find_pages
                0x000000008000214c                bootmm_alloc_pages
                0x00000000800022ac                bootmap_info
 .text          0x00000000800023c0      0xc60 kernel/mm/slab.o
                0x00000000800025fc                init_kmem_cpu
                0x0000000080002634                init_kmem_node
                0x0000000080002688                init_each_slab
                0x0000000080002740                init_slab
                0x00000000800027e0                format_slabpage
                0x0000000080002940                slab_alloc
                0x0000000080002b94                slab_free
                0x0000000080002d18                get_slab
                0x0000000080002e34                kmalloc
                0x0000000080002f50                kfree
 .text          0x0000000080003020      0xc50 kernel/mm/buddy.o
                0x00000000800031ec                buddy_info
                0x00000000800032c8                init_pages
                0x000000008000346c                init_buddy
                0x0000000080003748                __free_pages
                0x0000000080003994                __alloc_pages
                0x0000000080003b84                alloc_pages
                0x0000000080003bfc                free_pages
 .text          0x0000000080003c70      0x820 kernel/pc/pc.o
                0x0000000080003e9c                init_pc
                0x0000000080003f88                pc_schedule
                0x00000000800040c0                pc_peek
                0x000000008000415c                pc_create
                0x0000000080004244                pc_kill_syscall
                0x00000000800042c4                pc_kill
                0x000000008000436c                get_curr_pcb
                0x00000000800043a8                print_proc
 .text          0x0000000080004490      0x150 kernel/lock/lock.o
                0x00000000800044d0                init_lock
                0x000000008000451c                lockup
                0x0000000080004578                unlock
 .text          0x00000000800045e0     0x1a70 kernel/fs/fscache/fscache.o
                0x00000000800045e0                fs_victim_4k
                0x0000000080005590                fs_write_4k
                0x0000000080005648                fs_read_4k
                0x0000000080005870                fs_clr_4k
                0x00000000800059c8                fs_victim_512
                0x0000000080005c44                fs_write_512
                0x0000000080005cf0                fs_read_512
                0x0000000080005f04                fs_clr_512
 .text          0x0000000080006050      0xae0 kernel/fs/fat/journal.o
                0x0000000080006050                init_journal_info
                0x00000000800061e0                journal_new_superblock
                0x0000000080006320                journal_reset
                0x000000008000636c                journal_bmap
                0x00000000800063ac                journal_next_log_block
                0x000000008000644c                load_superblock
                0x0000000080006558                journal_get_superblock
                0x0000000080006744                journal_update_superblock
                0x00000000800068e4                journal_write_block
                0x0000000080006940                journal_pointer_increment
                0x00000000800069bc                journal_pointer_move
                0x0000000080006a68                journal_finish
 .text          0x0000000080006b30      0x6a0 kernel/fs/fat/utils.o
                0x0000000080006b30                read_block
                0x0000000080006b78                write_block
                0x0000000080006bc0                get_u16
                0x0000000080006c10                get_u32
                0x0000000080006c7c                set_u16
                0x0000000080006cd8                set_u32
                0x0000000080006d5c                fs_wa
                0x0000000080006db8                get_entry_filesize
                0x0000000080006df8                get_entry_attr
                0x0000000080006e28                get_start_cluster
                0x0000000080006e64                get_fat_entry_value
                0x0000000080006f38                fs_modify_fat
                0x0000000080007084                cluster_to_fat_entry
                0x0000000080007100                fs_dataclus2sec
                0x0000000080007168                fs_sec2dataclus
 .text          0x00000000800071d0      0xb30 kernel/fs/fat/recovery.o
                0x000000008000721c                jread
                0x000000008000737c                journal_recover
                0x0000000080007bb4                journal_set_revoke
                0x0000000080007c64                journal_test_revoke
 .text          0x0000000080007d00      0xd30 kernel/fs/fat/commit.o
                0x0000000080007d00                journal_commit_transactions
                0x0000000080007e80                journal_commit_transaction
                0x00000000800082a4                write_data_block
                0x0000000080008424                do_checkpoint
                0x000000008000855c                do_one_checkpoint
                0x000000008000886c                journal_erase_handle
 .text          0x0000000080008a30      0x6c0 kernel/fs/fat/revoke.o
                0x0000000080008c10                journal_revoke
                0x0000000080008c40                journal_init_revoke_table
                0x0000000080008d7c                hash
                0x0000000080008dfc                insert_revoke_hash
                0x0000000080008ea4                find_revoke_record
                0x0000000080008f58                journal_write_revoke_records
                0x0000000080009094                write_one_revoke_record
 .text          0x00000000800090f0     0x46a0 kernel/fs/fat/fat.o
                0x00000000800090f0                init_fat_info
                0x0000000080009430                init_fat_buf
                0x0000000080009514                init_dir_buf
                0x00000000800095b0                init_fs
                0x0000000080009628                write_fat_sector
                0x0000000080009800                read_fat_sector
                0x000000008000a5dc                fs_next_slash
                0x000000008000a874                fs_cmp_filename
                0x000000008000a8fc                fs_find
                0x000000008000ae1c                fs_open
                0x000000008000aff0                fs_fflush
                0x000000008000b164                fs_close
                0x000000008000b30c                fs_read
                0x000000008000b6cc                fs_next_free
                0x000000008000b79c                fs_alloc
                0x000000008000b990                fs_write
                0x000000008000cc50                fs_lseek
                0x000000008000ccbc                fs_find_empty_entry
                0x000000008000d040                fs_create_with_attr
                0x000000008000d4ac                fs_create
                0x000000008000d4e8                get_filename
 .text          0x000000008000d790      0x940 kernel/fs/fat/usr.o
                0x000000008000d790                fs_rm
                0x000000008000d8d8                fs_mv
                0x000000008000dae8                fs_mkdir
                0x000000008000de8c                fs_rmdir
                0x000000008000dfd4                fs_cat
 .text          0x000000008000e0d0        0x0 kernel/fs/fat/debug.o
 .text          0x000000008000e0d0      0x660 kernel/fs/fat/dir.o
                0x000000008000e0d0                fs_open_dir
                0x000000008000e334                fs_read_dir
 .text          0x000000008000e730      0x510 kernel/driver/sd.o
                0x000000008000e7dc                sd_read_sector_blocking
                0x000000008000e90c                sd_write_sector_blocking
                0x000000008000ea3c                sd_read_block
                0x000000008000eb14                sd_write_block
 .text          0x000000008000ec40      0xa40 kernel/driver/vga.o
                0x000000008000ec40                kernel_set_cursor
                0x000000008000eca8                init_vga
                0x000000008000ed0c                kernel_clear_screen
                0x000000008000ed90                kernel_scroll_screen
                0x000000008000ee3c                kernel_putchar_at
                0x000000008000eeec                kernel_putchar
                0x000000008000f128                kernel_puts
                0x000000008000f1ac                kernel_putint
                0x000000008000f314                kernel_putintx
                0x000000008000f3e0                kernel_vprintf
                0x000000008000f61c                kernel_printf
 .text          0x000000008000f680      0x670 kernel/driver/ps2.o
                0x000000008000f680                init_buffer
                0x000000008000f710                init_ps2
                0x000000008000f76c                ps2_handler
                0x000000008000fadc                kernel_getkey
                0x000000008000fba4                kernel_scantoascii
                0x000000008000fc50                sleep
                0x000000008000fc90                kernel_getchar
 .text          0x000000008000fcf0       0x60 kernel/syscall/syscall4.o
                0x000000008000fcf0                syscall4
 .text          0x000000008000fd50      0x150 kernel/syscall/syscall.o
                0x000000008000fd50                init_syscall
                0x000000008000fda4                syscall
                0x000000008000fe48                register_syscall
 .text          0x000000008000fea0      0x4f0 kernel/time/time.o
                0x000000008000fea0                get_time_string
                0x00000000800101f8                system_time_proc
                0x0000000080010304                get_time
 .text          0x0000000080010390      0x3a0 utils/utils.o
                0x0000000080010390                kernel_memcpy
                0x0000000080010414                kernel_memset
                0x0000000080010444                kernel_memset_word
                0x00000000800104a4                kernel_strcmp
                0x000000008001052c                kernel_strcpy
                0x0000000080010588                pow
                0x00000000800105f8                kernel_cache
                0x000000008001064c                kernel_serial_puts
                0x00000000800106a8                kernel_serial_putc
                0x00000000800106e4                is_bound
 .text          0x0000000080010730      0x2b0 utils/log.o
                0x0000000080010730                log_level_adv
                0x000000008001077c                log_level_rec
                0x00000000800107c4                log
                0x0000000080010948                step
                0x00000000800109a8                step_reset
 .text          0x00000000800109e0       0x60 utils/assert.o
                0x00000000800109e0                assert
 .text          0x0000000080010a40      0xb10 usr/ps.o
                0x0000000080010a40                test_proc
                0x0000000080010ab4                proc_demo_create
                0x0000000080010b60                ps
                0x0000000080010d64                parse_cmd
 .text          0x0000000080011550      0x370 usr/ls.o
                0x0000000080011550                cut_front_blank
                0x000000008001161c                strlen
                0x0000000080011674                each_param
                0x0000000080011734                ls
 .text          0x00000000800118c0     0x1420 usr/myvi.o
                0x00000000800118c0                myvi_init
                0x0000000080011958                to_lower_case
                0x00000000800119c0                mystrcpy
                0x0000000080011a1c                load_file
                0x0000000080011bec                save_file
                0x0000000080011ca4                insert_key
                0x0000000080011d88                delete_key
                0x0000000080011e2c                put_char_on_screen
                0x0000000080011ea4                screen_flush
                0x00000000800122cc                get_key
                0x0000000080012304                page_location_last_line
                0x00000000800123ac                page_location_next_line
                0x0000000080012454                cursor_prev_line
                0x0000000080012534                cursor_next_line
                0x00000000800125e0                do_command_mode
                0x0000000080012854                do_insert_mode
                0x000000008001299c                do_last_line_mode
                0x0000000080012b80                myvi
 .text          0x0000000080012ce0      0x1d0 usr/exec.o
                0x0000000080012ce0                exec
 *(.text.*)
 *(.stub)
 *(.gnu.warning)
 *(.gnu.linkonce.t*)
 *(.mips16.fn.*)
 *(.mips16.call.*)
                0x0000000080012eb0                _ecode = .

.init
 *(.init)

.fini
 *(.fini)

.rodata         0x0000000080012eb0     0x1190
 *(.rodata)
 .rodata        0x0000000080012eb0       0x50 arch/mips32/exc.o
 .rodata        0x0000000080012f00       0x30 arch/mips32/arch.o
                0x0000000080012f00                CHAR_VRAM
                0x0000000080012f04                GRAPHIC_VRAM
                0x0000000080012f08                GPIO_SWITCH
                0x0000000080012f0c                GPIO_BUTTON
                0x0000000080012f10                GPIO_SEG
                0x0000000080012f14                GPIO_LED
                0x0000000080012f18                GPIO_PS2_DATA
                0x0000000080012f1c                GPIO_PS2_CTRL
                0x0000000080012f20                GPIO_UART_DATA
                0x0000000080012f24                GPIO_UART_CTRL
                0x0000000080012f28                GPIO_CURSOR
                0x0000000080012f2c                VGA_MODE
 .rodata        0x0000000080012f30      0x100 kernel/init.o
 .rodata        0x0000000080013030       0xa0 kernel/mm/bootmm.o
 .rodata        0x00000000800130d0       0x70 kernel/mm/slab.o
 .rodata        0x0000000080013140       0xb0 kernel/mm/buddy.o
 .rodata        0x00000000800131f0       0x40 kernel/pc/pc.o
 .rodata        0x0000000080013230       0x70 kernel/fs/fscache/fscache.o
 .rodata        0x00000000800132a0      0x330 kernel/fs/fat/journal.o
 .rodata        0x00000000800135d0      0x1b0 kernel/fs/fat/recovery.o
 .rodata        0x0000000080013780      0x2a0 kernel/fs/fat/commit.o
 .rodata        0x0000000080013a20       0xf0 kernel/fs/fat/fat.o
 .rodata        0x0000000080013b10       0x20 kernel/fs/fat/usr.o
 .rodata        0x0000000080013b30       0x50 kernel/driver/sd.o
 .rodata        0x0000000080013b80       0x30 kernel/driver/vga.o
                0x0000000080013b80                VGA_CHAR_MAX_ROW
                0x0000000080013b84                VGA_CHAR_MAX_COL
                0x0000000080013b88                VGA_CHAR_ROW
                0x0000000080013b8c                VGA_CHAR_COL
 .rodata        0x0000000080013bb0       0x10 kernel/driver/ps2.o
 .rodata        0x0000000080013bc0       0x40 kernel/time/time.o
 .rodata        0x0000000080013c00       0x80 utils/log.o
 .rodata        0x0000000080013c80       0x20 utils/assert.o
 .rodata        0x0000000080013ca0      0x240 usr/ps.o
 .rodata        0x0000000080013ee0       0x40 usr/ls.o
 .rodata        0x0000000080013f20      0x100 usr/myvi.o
 .rodata        0x0000000080014020       0x20 usr/exec.o
                0x0000000080014020                CACHE_BLOCK_SIZE
 *(.rodata.*)
 *(.gnu.linkonce.r*)

.MIPS.abiflags  0x0000000080014040       0x18
 .MIPS.abiflags
                0x0000000080014040       0x18 arch/mips32/start.o

.rodata1
 *(.rodata1)

.sdata2
 *(.sdata2)

.sbss2
 *(.sbss2)

.sdeinit
 *(.sdeinit)

.sdefini
 *(.sdefini)

.eh_frame
 *(.eh_frame)

.gcc_except_table
 *(.gcc_except_table)

.ctors
 *crt0.o(.ctors)
 *crtbegin.o(.ctors)
 *crtbeginS.o(.ctors)
 *(EXCLUDE_FILE(*crtn.o *crtendS.o *crtend.o) .ctors)
 *(SORT(.ctors.*))
 *(.ctors)

.dtors
 *crt0.o(.dtors)
 *crtbegin.o(.dtors)
 *crtbeginS.o(.dtors)
 *(EXCLUDE_FILE(*crtn.o *crtendS.o *crtend.o) .dtors)
 *(SORT(.dtors.*))
 *(.dtors)

.dynamic
 *(.dynamic)

.dynsym
 *(.dynsym)

.hash
 *(.hash)

.dynstr
 *(.dynstr)
                0x0000000080014058                __etext = .
                0x0000000080014058                _etext = .
                [!provide]                        PROVIDE (etext, .)
                0x0000000080014058                . = ALIGN (0x8)

.data           0x0000000080014060      0x170
                0x0000000080014060                _fdata = .
 *(.data)
 .data          0x0000000080014060        0x0 arch/mips32/start.o
 .data          0x0000000080014060        0x0 arch/mips32/intr.o
 .data          0x0000000080014060        0x0 arch/mips32/page.o
 .data          0x0000000080014060        0x0 arch/mips32/exc.o
 .data          0x0000000080014060       0x10 arch/mips32/arch.o
                0x0000000080014060                kernel_sp
 .data          0x0000000080014070        0x0 kernel/init.o
 .data          0x0000000080014070       0x20 kernel/mm/bootmm.o
                0x0000000080014070                mem_msg
 .data          0x0000000080014090       0x30 kernel/mm/slab.o
 .data          0x00000000800140c0        0x0 kernel/mm/buddy.o
 .data          0x00000000800140c0        0x0 kernel/pc/pc.o
 .data          0x00000000800140c0        0x0 kernel/lock/lock.o
 .data          0x00000000800140c0        0x0 kernel/fs/fscache/fscache.o
 .data          0x00000000800140c0        0x0 kernel/fs/fat/journal.o
 .data          0x00000000800140c0        0x0 kernel/fs/fat/utils.o
 .data          0x00000000800140c0        0x0 kernel/fs/fat/recovery.o
 .data          0x00000000800140c0        0x0 kernel/fs/fat/commit.o
 .data          0x00000000800140c0        0x0 kernel/fs/fat/revoke.o
 .data          0x00000000800140c0        0x0 kernel/fs/fat/fat.o
 .data          0x00000000800140c0        0x0 kernel/fs/fat/usr.o
 .data          0x00000000800140c0        0x0 kernel/fs/fat/debug.o
 .data          0x00000000800140c0        0x0 kernel/fs/fat/dir.o
 .data          0x00000000800140c0        0x0 kernel/driver/sd.o
 .data          0x00000000800140c0       0x10 kernel/driver/vga.o
                0x00000000800140c0                cursor_freq
 .data          0x00000000800140d0      0x100 kernel/driver/ps2.o
                0x00000000800140d0                scantoascii_uppercase
                0x0000000080014150                scantoascii_lowercase
 .data          0x00000000800141d0        0x0 kernel/syscall/syscall4.o
 .data          0x00000000800141d0        0x0 kernel/syscall/syscall.o
 .data          0x00000000800141d0        0x0 kernel/time/time.o
 .data          0x00000000800141d0        0x0 utils/utils.o
 .data          0x00000000800141d0        0x0 utils/log.o
 .data          0x00000000800141d0        0x0 utils/assert.o
 .data          0x00000000800141d0        0x0 usr/ps.o
 .data          0x00000000800141d0        0x0 usr/ls.o
 .data          0x00000000800141d0        0x0 usr/myvi.o
 .data          0x00000000800141d0        0x0 usr/exec.o
 *(.data.*)
 *(.gnu.linkonce.d*)

.data1
 *(.data1)
                0x000000008001c1c0                _gp = (ALIGN (0x10) + 0x7ff0)

.got
 *(.got.plt)
 *(.got)

.sdata
 *(.sdata)
 *(.sdata1)
 *(.sdata.*)
 *(.gnu.linkonce.s.*)

.lit8
 *(.lit8)

.lit4
 *(.lit4)
                0x00000000800141d0                . = ALIGN (0x8)
                0x00000000800141d0                _edata = .
                [!provide]                        PROVIDE (edata, .)
                0x00000000800141d0                __bss_start = .
                [!provide]                        PROVIDE (__edata, .)
                0x00000000800141d0                _fbss = .

.sbss           0x00000000800141d0       0x5c
                0x00000000800141d0                __sbss_start = .
                0x00000000800141d0                ___sbss_start = .
 *(.dynsbss)
 *(.sbss)
 .sbss          0x00000000800141d0       0x14 kernel/driver/ps2.o
 .sbss          0x00000000800141e4        0x4 utils/log.o
 *(.sbss.*)
 *(.scommon)
 .scommon       0x00000000800141e8        0x4 kernel/init.o
                0x00000000800141e8                journal
 .scommon       0x00000000800141ec        0x8 kernel/mm/bootmm.o
                0x00000000800141ec                firstusercode_start
                0x00000000800141f0                firstusercode_len
 .scommon       0x00000000800141f4        0xc kernel/mm/buddy.o
                0x00000000800141f4                kernel_start_pfn
                0x00000000800141f8                kernel_end_pfn
                0x00000000800141fc                pages
 .scommon       0x0000000080014200        0x4 kernel/pc/pc.o
                0x0000000080014200                curr_proc
 .scommon       0x0000000080014204        0x0 kernel/fs/fscache/fscache.o
 .scommon       0x0000000080014204        0x0 kernel/fs/fat/journal.o
 .scommon       0x0000000080014204        0x0 kernel/fs/fat/utils.o
 .scommon       0x0000000080014204        0x0 kernel/fs/fat/recovery.o
 .scommon       0x0000000080014204        0x0 kernel/fs/fat/commit.o
 .scommon       0x0000000080014204        0x0 kernel/fs/fat/revoke.o
 .scommon       0x0000000080014204        0x0 kernel/fs/fat/fat.o
 .scommon       0x0000000080014204        0x0 kernel/fs/fat/usr.o
 .scommon       0x0000000080014204        0x0 kernel/fs/fat/dir.o
 .scommon       0x0000000080014204        0x8 kernel/driver/vga.o
                0x0000000080014204                cursor_col
                0x0000000080014208                cursor_row
 .scommon       0x000000008001420c        0x4 usr/ps.o
                0x000000008001420c                ps_buffer_index
 .scommon       0x0000000080014210        0x0 usr/ls.o
 .scommon       0x0000000080014210       0x1c usr/myvi.o
                0x0000000080014210                cursor_location
                0x0000000080014214                is_new_file
                0x0000000080014218                page_end
                0x000000008001421c                filename
                0x0000000080014220                mode
                0x0000000080014224                err
                0x0000000080014228                pre_cursor_freq
 .scommon       0x000000008001422c        0x0 usr/exec.o
                0x000000008001422c                __sbss_end = .
                0x000000008001422c                ___sbss_end = .

.bss            0x0000000080014230    0x1840c
 *(.dynbss)
 *(.bss)
 .bss           0x0000000080014230        0x0 arch/mips32/start.o
 .bss           0x0000000080014230        0x0 arch/mips32/intr.o
 .bss           0x0000000080014230        0x0 arch/mips32/page.o
 .bss           0x0000000080014230        0x0 arch/mips32/exc.o
 .bss           0x0000000080014230        0x0 arch/mips32/arch.o
 .bss           0x0000000080014230        0x0 kernel/init.o
 .bss           0x0000000080014230        0x0 kernel/mm/bootmm.o
 .bss           0x0000000080014230        0x0 kernel/mm/slab.o
 .bss           0x0000000080014230        0x0 kernel/mm/buddy.o
 .bss           0x0000000080014230        0x0 kernel/pc/pc.o
 .bss           0x0000000080014230        0x0 kernel/lock/lock.o
 .bss           0x0000000080014230        0x0 kernel/fs/fscache/fscache.o
 .bss           0x0000000080014230        0x0 kernel/fs/fat/journal.o
 .bss           0x0000000080014230        0x0 kernel/fs/fat/utils.o
 .bss           0x0000000080014230        0x0 kernel/fs/fat/recovery.o
 .bss           0x0000000080014230        0x0 kernel/fs/fat/commit.o
 .bss           0x0000000080014230        0x0 kernel/fs/fat/revoke.o
 .bss           0x0000000080014230       0x10 kernel/fs/fat/fat.o
                0x0000000080014230                fat_clock_head
                0x0000000080014234                dir_data_clock_head
 .bss           0x0000000080014240        0x0 kernel/fs/fat/usr.o
 .bss           0x0000000080014240        0x0 kernel/fs/fat/debug.o
 .bss           0x0000000080014240        0x0 kernel/fs/fat/dir.o
 .bss           0x0000000080014240        0x0 kernel/driver/sd.o
 .bss           0x0000000080014240        0x0 kernel/driver/vga.o
 .bss           0x0000000080014240      0x100 kernel/driver/ps2.o
 .bss           0x0000000080014340        0x0 kernel/syscall/syscall4.o
 .bss           0x0000000080014340        0x0 kernel/syscall/syscall.o
 .bss           0x0000000080014340        0x0 kernel/time/time.o
 .bss           0x0000000080014340        0x0 utils/utils.o
 .bss           0x0000000080014340       0x10 utils/log.o
                0x0000000080014340                gstep
 .bss           0x0000000080014350        0x0 utils/assert.o
 .bss           0x0000000080014350        0x0 usr/ps.o
 .bss           0x0000000080014350        0x0 usr/ls.o
 .bss           0x0000000080014350       0x60 usr/myvi.o
                0x0000000080014350                instruction
                0x00000000800143a0                inst_len
                0x00000000800143a4                size
                0x00000000800143a8                page_location
 .bss           0x00000000800143b0        0x0 usr/exec.o
 *(.bss.*)
 *(COMMON)
 COMMON         0x00000000800143b0       0x20 arch/mips32/intr.o
                0x00000000800143b0                interrupts
 COMMON         0x00000000800143d0       0x80 arch/mips32/exc.o
                0x00000000800143d0                exceptions
 COMMON         0x0000000080014450      0x418 kernel/init.o
                0x0000000080014450                fat_info
 COMMON         0x0000000080014868     0x8090 kernel/mm/bootmm.o
                0x0000000080014868                bootmmmap
                0x000000008001c868                bmm
 COMMON         0x000000008001c8f8      0x270 kernel/mm/slab.o
                0x000000008001c8f8                kmalloc_caches
 COMMON         0x000000008001cb68       0x54 kernel/mm/buddy.o
                0x000000008001cb68                buddy
 COMMON         0x000000008001cbbc      0x560 kernel/pc/pc.o
                0x000000008001cbbc                pcb
 COMMON         0x000000008001d11c     0x1c70 kernel/fs/fat/fat.o
                0x000000008001d11c                dir_data_buf
                0x000000008001d95c                filename11
                0x000000008001d96c                new_alloc_empty
                0x000000008001e96c                fat_buf
 COMMON         0x000000008001ed8c     0x4190 kernel/fs/fat/usr.o
                0x000000008001ed8c                file_create
                0x0000000080022efc                mk_dir_buf
 COMMON         0x0000000080022f1c     0x4170 kernel/fs/fat/dir.o
                0x0000000080022f1c                dir_find
 COMMON         0x000000008002708c      0x400 kernel/syscall/syscall.o
                0x000000008002708c                syscalls
 COMMON         0x000000008002748c       0x40 usr/ps.o
                0x000000008002748c                ps_buffer
 COMMON         0x00000000800274cc     0x5170 usr/myvi.o
                0x00000000800274cc                file
                0x000000008002b63c                buffer
                0x000000008002c63c                . = ALIGN (0x4)
                0x000000008002c63c                . = ALIGN (0x4)
                0x000000008002c63c                _end = .
                [!provide]                        PROVIDE (__end, .)
                [!provide]                        PROVIDE (end, .)

.stab
 *(.stab)

.stabstr
 *(.stabstr)

.stab.excl
 *(.stab.excl)

.stab.exclstr
 *(.stab.exclstr)

.stab.index
 *(.stab.index)

.stab.indexstr
 *(.stab.indexstr)

.comment        0x0000000000000000       0x3f
 *(.comment)
 .comment       0x0000000000000000       0x3f arch/mips32/intr.o
                                         0x40 (size before relaxing)
 .comment       0x000000000000003f       0x40 arch/mips32/page.o
 .comment       0x000000000000003f       0x40 arch/mips32/exc.o
 .comment       0x000000000000003f       0x40 arch/mips32/arch.o
 .comment       0x000000000000003f       0x40 kernel/init.o
 .comment       0x000000000000003f       0x40 kernel/mm/bootmm.o
 .comment       0x000000000000003f       0x40 kernel/mm/slab.o
 .comment       0x000000000000003f       0x40 kernel/mm/buddy.o
 .comment       0x000000000000003f       0x40 kernel/pc/pc.o
 .comment       0x000000000000003f       0x40 kernel/lock/lock.o
 .comment       0x000000000000003f       0x40 kernel/fs/fscache/fscache.o
 .comment       0x000000000000003f       0x40 kernel/fs/fat/journal.o
 .comment       0x000000000000003f       0x40 kernel/fs/fat/utils.o
 .comment       0x000000000000003f       0x40 kernel/fs/fat/recovery.o
 .comment       0x000000000000003f       0x40 kernel/fs/fat/commit.o
 .comment       0x000000000000003f       0x40 kernel/fs/fat/revoke.o
 .comment       0x000000000000003f       0x40 kernel/fs/fat/fat.o
 .comment       0x000000000000003f       0x40 kernel/fs/fat/usr.o
 .comment       0x000000000000003f       0x40 kernel/fs/fat/debug.o
 .comment       0x000000000000003f       0x40 kernel/fs/fat/dir.o
 .comment       0x000000000000003f       0x40 kernel/driver/sd.o
 .comment       0x000000000000003f       0x40 kernel/driver/vga.o
 .comment       0x000000000000003f       0x40 kernel/driver/ps2.o
 .comment       0x000000000000003f       0x40 kernel/syscall/syscall4.o
 .comment       0x000000000000003f       0x40 kernel/syscall/syscall.o
 .comment       0x000000000000003f       0x40 kernel/time/time.o
 .comment       0x000000000000003f       0x40 utils/utils.o
 .comment       0x000000000000003f       0x40 utils/log.o
 .comment       0x000000000000003f       0x40 utils/assert.o
 .comment       0x000000000000003f       0x40 usr/ps.o
 .comment       0x000000000000003f       0x40 usr/ls.o
 .comment       0x000000000000003f       0x40 usr/myvi.o
 .comment       0x000000000000003f       0x40 usr/exec.o

.gnu.attributes
                0x0000000000000000       0x10
 .gnu.attributes
                0x0000000000000000       0x10 arch/mips32/start.o
 .gnu.attributes
                0x0000000000000010       0x10 arch/mips32/intr.o
 .gnu.attributes
                0x0000000000000020       0x10 arch/mips32/page.o
 .gnu.attributes
                0x0000000000000030       0x10 arch/mips32/exc.o
 .gnu.attributes
                0x0000000000000040       0x10 arch/mips32/arch.o
 .gnu.attributes
                0x0000000000000050       0x10 kernel/init.o
 .gnu.attributes
                0x0000000000000060       0x10 kernel/mm/bootmm.o
 .gnu.attributes
                0x0000000000000070       0x10 kernel/mm/slab.o
 .gnu.attributes
                0x0000000000000080       0x10 kernel/mm/buddy.o
 .gnu.attributes
                0x0000000000000090       0x10 kernel/pc/pc.o
 .gnu.attributes
                0x00000000000000a0       0x10 kernel/lock/lock.o
 .gnu.attributes
                0x00000000000000b0       0x10 kernel/fs/fscache/fscache.o
 .gnu.attributes
                0x00000000000000c0       0x10 kernel/fs/fat/journal.o
 .gnu.attributes
                0x00000000000000d0       0x10 kernel/fs/fat/utils.o
 .gnu.attributes
                0x00000000000000e0       0x10 kernel/fs/fat/recovery.o
 .gnu.attributes
                0x00000000000000f0       0x10 kernel/fs/fat/commit.o
 .gnu.attributes
                0x0000000000000100       0x10 kernel/fs/fat/revoke.o
 .gnu.attributes
                0x0000000000000110       0x10 kernel/fs/fat/fat.o
 .gnu.attributes
                0x0000000000000120       0x10 kernel/fs/fat/usr.o
 .gnu.attributes
                0x0000000000000130       0x10 kernel/fs/fat/debug.o
 .gnu.attributes
                0x0000000000000140       0x10 kernel/fs/fat/dir.o
 .gnu.attributes
                0x0000000000000150       0x10 kernel/driver/sd.o
 .gnu.attributes
                0x0000000000000160       0x10 kernel/driver/vga.o
 .gnu.attributes
                0x0000000000000170       0x10 kernel/driver/ps2.o
 .gnu.attributes
                0x0000000000000180       0x10 kernel/syscall/syscall4.o
 .gnu.attributes
                0x0000000000000190       0x10 kernel/syscall/syscall.o
 .gnu.attributes
                0x00000000000001a0       0x10 kernel/time/time.o
 .gnu.attributes
                0x00000000000001b0       0x10 utils/utils.o
 .gnu.attributes
                0x00000000000001c0       0x10 utils/log.o
 .gnu.attributes
                0x00000000000001d0       0x10 utils/assert.o
 .gnu.attributes
                0x00000000000001e0       0x10 usr/ps.o
 .gnu.attributes
                0x00000000000001f0       0x10 usr/ls.o
 .gnu.attributes
                0x0000000000000200       0x10 usr/myvi.o
 .gnu.attributes
                0x0000000000000210       0x10 usr/exec.o

.mdebug.abi32   0x0000000000000000        0x0
 .mdebug.abi32  0x0000000000000000        0x0 arch/mips32/intr.o
 .mdebug.abi32  0x0000000000000000        0x0 arch/mips32/page.o
 .mdebug.abi32  0x0000000000000000        0x0 arch/mips32/exc.o
 .mdebug.abi32  0x0000000000000000        0x0 arch/mips32/arch.o
 .mdebug.abi32  0x0000000000000000        0x0 kernel/init.o
 .mdebug.abi32  0x0000000000000000        0x0 kernel/mm/bootmm.o
 .mdebug.abi32  0x0000000000000000        0x0 kernel/mm/slab.o
 .mdebug.abi32  0x0000000000000000        0x0 kernel/mm/buddy.o
 .mdebug.abi32  0x0000000000000000        0x0 kernel/pc/pc.o
 .mdebug.abi32  0x0000000000000000        0x0 kernel/lock/lock.o
 .mdebug.abi32  0x0000000000000000        0x0 kernel/fs/fscache/fscache.o
 .mdebug.abi32  0x0000000000000000        0x0 kernel/fs/fat/journal.o
 .mdebug.abi32  0x0000000000000000        0x0 kernel/fs/fat/utils.o
 .mdebug.abi32  0x0000000000000000        0x0 kernel/fs/fat/recovery.o
 .mdebug.abi32  0x0000000000000000        0x0 kernel/fs/fat/commit.o
 .mdebug.abi32  0x0000000000000000        0x0 kernel/fs/fat/revoke.o
 .mdebug.abi32  0x0000000000000000        0x0 kernel/fs/fat/fat.o
 .mdebug.abi32  0x0000000000000000        0x0 kernel/fs/fat/usr.o
 .mdebug.abi32  0x0000000000000000        0x0 kernel/fs/fat/debug.o
 .mdebug.abi32  0x0000000000000000        0x0 kernel/fs/fat/dir.o
 .mdebug.abi32  0x0000000000000000        0x0 kernel/driver/sd.o
 .mdebug.abi32  0x0000000000000000        0x0 kernel/driver/vga.o
 .mdebug.abi32  0x0000000000000000        0x0 kernel/driver/ps2.o
 .mdebug.abi32  0x0000000000000000        0x0 kernel/syscall/syscall4.o
 .mdebug.abi32  0x0000000000000000        0x0 kernel/syscall/syscall.o
 .mdebug.abi32  0x0000000000000000        0x0 kernel/time/time.o
 .mdebug.abi32  0x0000000000000000        0x0 utils/utils.o
 .mdebug.abi32  0x0000000000000000        0x0 utils/log.o
 .mdebug.abi32  0x0000000000000000        0x0 utils/assert.o
 .mdebug.abi32  0x0000000000000000        0x0 usr/ps.o
 .mdebug.abi32  0x0000000000000000        0x0 usr/ls.o
 .mdebug.abi32  0x0000000000000000        0x0 usr/myvi.o
 .mdebug.abi32  0x0000000000000000        0x0 usr/exec.o

.debug
 *(.debug)

.line
 *(.line)

.debug_srcinfo
 *(.debug_srcinfo)

.debug_sfnames
 *(.debug_sfnames)

.debug_aranges
 *(.debug_aranges)

.debug_pubnames
 *(.debug_pubnames)

.debug_info
 *(.debug_info)

.debug_abbrev
 *(.debug_abbrev)

.debug_line
 *(.debug_line)

.debug_frame
 *(.debug_frame)

.debug_str
 *(.debug_str)

.debug_loc
 *(.debug_loc)

.debug_macinfo
 *(.debug_macinfo)

.debug_weaknames
 *(.debug_weaknames)

.debug_funcnames
 *(.debug_funcnames)

.debug_typenames
 *(.debug_typenames)

.debug_varnames
 *(.debug_varnames)

/DISCARD/
 *(.reginfo)

.gptab.sdata
 *(.gptab.data)
 *(.gptab.sdata)

.gptab.sbss
 *(.gptab.bss)
 *(.gptab.sbss)

.pdr            0x0000000000000000     0x1ca0
 *(.pdr)
 .pdr           0x0000000000000000        0x0 arch/mips32/start.o
 .pdr           0x0000000000000000       0xa0 arch/mips32/intr.o
 .pdr           0x00000000000000a0       0x20 arch/mips32/page.o
 .pdr           0x00000000000000c0       0x60 arch/mips32/exc.o
 .pdr           0x0000000000000120       0x20 arch/mips32/arch.o
 .pdr           0x0000000000000140       0x60 kernel/init.o
 .pdr           0x00000000000001a0      0x120 kernel/mm/bootmm.o
 .pdr           0x00000000000002c0      0x220 kernel/mm/slab.o
 .pdr           0x00000000000004e0      0x1a0 kernel/mm/buddy.o
 .pdr           0x0000000000000680      0x120 kernel/pc/pc.o
 .pdr           0x00000000000007a0       0x80 kernel/lock/lock.o
 .pdr           0x0000000000000820      0x100 kernel/fs/fscache/fscache.o
 .pdr           0x0000000000000920      0x180 kernel/fs/fat/journal.o
 .pdr           0x0000000000000aa0      0x1e0 kernel/fs/fat/utils.o
 .pdr           0x0000000000000c80      0x120 kernel/fs/fat/recovery.o
 .pdr           0x0000000000000da0       0xc0 kernel/fs/fat/commit.o
 .pdr           0x0000000000000e60      0x1a0 kernel/fs/fat/revoke.o
 .pdr           0x0000000000001000      0x2a0 kernel/fs/fat/fat.o
 .pdr           0x00000000000012a0       0xa0 kernel/fs/fat/usr.o
 .pdr           0x0000000000001340        0x0 kernel/fs/fat/debug.o
 .pdr           0x0000000000001340       0x40 kernel/fs/fat/dir.o
 .pdr           0x0000000000001380       0xa0 kernel/driver/sd.o
 .pdr           0x0000000000001420      0x160 kernel/driver/vga.o
 .pdr           0x0000000000001580       0xe0 kernel/driver/ps2.o
 .pdr           0x0000000000001660       0x20 kernel/syscall/syscall4.o
 .pdr           0x0000000000001680       0x60 kernel/syscall/syscall.o
 .pdr           0x00000000000016e0       0x60 kernel/time/time.o
 .pdr           0x0000000000001740      0x140 utils/utils.o
 .pdr           0x0000000000001880       0xa0 utils/log.o
 .pdr           0x0000000000001920       0x20 utils/assert.o
 .pdr           0x0000000000001940       0x80 usr/ps.o
 .pdr           0x00000000000019c0       0x80 usr/ls.o
 .pdr           0x0000000000001a40      0x240 usr/myvi.o
 .pdr           0x0000000000001c80       0x20 usr/exec.o
LOAD arch/mips32/start.o
LOAD arch/mips32/intr.o
LOAD arch/mips32/page.o
LOAD arch/mips32/exc.o
LOAD arch/mips32/arch.o
LOAD kernel/init.o
LOAD kernel/mm/bootmm.o
LOAD kernel/mm/slab.o
LOAD kernel/mm/buddy.o
LOAD kernel/pc/pc.o
LOAD kernel/lock/lock.o
LOAD kernel/fs/fscache/fscache.o
LOAD kernel/fs/fat/journal.o
LOAD kernel/fs/fat/utils.o
LOAD kernel/fs/fat/recovery.o
LOAD kernel/fs/fat/commit.o
LOAD kernel/fs/fat/revoke.o
LOAD kernel/fs/fat/fat.o
LOAD kernel/fs/fat/usr.o
LOAD kernel/fs/fat/debug.o
LOAD kernel/fs/fat/dir.o
LOAD kernel/driver/sd.o
LOAD kernel/driver/vga.o
LOAD kernel/driver/ps2.o
LOAD kernel/syscall/syscall4.o
LOAD kernel/syscall/syscall.o
LOAD kernel/time/time.o
LOAD utils/utils.o
LOAD utils/log.o
LOAD utils/assert.o
LOAD usr/ps.o
LOAD usr/ls.o
LOAD usr/myvi.o
LOAD usr/exec.o
OUTPUT(kernel.elf elf32-tradlittlemips)
